Archive member included to satisfy reference by file (symbol)

/opt/st/stm32cubeide_1.18.0/plugins/com.st.stm32cube.ide.mcu.externaltools.gnu-tools-for-stm32.13.3.rel1.linux64_1.0.0.202410170706/tools/bin/../lib/gcc/arm-none-eabi/13.3.1/../../../../arm-none-eabi/lib/thumb/v7e-m+fp/hard/libc_nano.a(libc_a-exit.o)
                              /opt/st/stm32cubeide_1.18.0/plugins/com.st.stm32cube.ide.mcu.externaltools.gnu-tools-for-stm32.13.3.rel1.linux64_1.0.0.202410170706/tools/bin/../lib/gcc/arm-none-eabi/13.3.1/../../../../arm-none-eabi/lib/thumb/v7e-m+fp/hard/crt0.o (exit)
/opt/st/stm32cubeide_1.18.0/plugins/com.st.stm32cube.ide.mcu.externaltools.gnu-tools-for-stm32.13.3.rel1.linux64_1.0.0.202410170706/tools/bin/../lib/gcc/arm-none-eabi/13.3.1/../../../../arm-none-eabi/lib/thumb/v7e-m+fp/hard/libc_nano.a(libc_a-findfp.o)
                              /opt/st/stm32cubeide_1.18.0/plugins/com.st.stm32cube.ide.mcu.externaltools.gnu-tools-for-stm32.13.3.rel1.linux64_1.0.0.202410170706/tools/bin/../lib/gcc/arm-none-eabi/13.3.1/../../../../arm-none-eabi/lib/thumb/v7e-m+fp/hard/libc_nano.a(libc_a-exit.o) (__stdio_exit_handler)
/opt/st/stm32cubeide_1.18.0/plugins/com.st.stm32cube.ide.mcu.externaltools.gnu-tools-for-stm32.13.3.rel1.linux64_1.0.0.202410170706/tools/bin/../lib/gcc/arm-none-eabi/13.3.1/../../../../arm-none-eabi/lib/thumb/v7e-m+fp/hard/libc_nano.a(libc_a-fwalk.o)
                              /opt/st/stm32cubeide_1.18.0/plugins/com.st.stm32cube.ide.mcu.externaltools.gnu-tools-for-stm32.13.3.rel1.linux64_1.0.0.202410170706/tools/bin/../lib/gcc/arm-none-eabi/13.3.1/../../../../arm-none-eabi/lib/thumb/v7e-m+fp/hard/libc_nano.a(libc_a-findfp.o) (_fwalk_sglue)
/opt/st/stm32cubeide_1.18.0/plugins/com.st.stm32cube.ide.mcu.externaltools.gnu-tools-for-stm32.13.3.rel1.linux64_1.0.0.202410170706/tools/bin/../lib/gcc/arm-none-eabi/13.3.1/../../../../arm-none-eabi/lib/thumb/v7e-m+fp/hard/libc_nano.a(libc_a-sprintf.o)
                              ./Core/Src/main.o (sprintf)
/opt/st/stm32cubeide_1.18.0/plugins/com.st.stm32cube.ide.mcu.externaltools.gnu-tools-for-stm32.13.3.rel1.linux64_1.0.0.202410170706/tools/bin/../lib/gcc/arm-none-eabi/13.3.1/../../../../arm-none-eabi/lib/thumb/v7e-m+fp/hard/libc_nano.a(libc_a-stdio.o)
                              /opt/st/stm32cubeide_1.18.0/plugins/com.st.stm32cube.ide.mcu.externaltools.gnu-tools-for-stm32.13.3.rel1.linux64_1.0.0.202410170706/tools/bin/../lib/gcc/arm-none-eabi/13.3.1/../../../../arm-none-eabi/lib/thumb/v7e-m+fp/hard/libc_nano.a(libc_a-findfp.o) (__sread)
/opt/st/stm32cubeide_1.18.0/plugins/com.st.stm32cube.ide.mcu.externaltools.gnu-tools-for-stm32.13.3.rel1.linux64_1.0.0.202410170706/tools/bin/../lib/gcc/arm-none-eabi/13.3.1/../../../../arm-none-eabi/lib/thumb/v7e-m+fp/hard/libc_nano.a(libc_a-memset.o)
                              /opt/st/stm32cubeide_1.18.0/plugins/com.st.stm32cube.ide.mcu.externaltools.gnu-tools-for-stm32.13.3.rel1.linux64_1.0.0.202410170706/tools/bin/../lib/gcc/arm-none-eabi/13.3.1/../../../../arm-none-eabi/lib/thumb/v7e-m+fp/hard/crt0.o (memset)
/opt/st/stm32cubeide_1.18.0/plugins/com.st.stm32cube.ide.mcu.externaltools.gnu-tools-for-stm32.13.3.rel1.linux64_1.0.0.202410170706/tools/bin/../lib/gcc/arm-none-eabi/13.3.1/../../../../arm-none-eabi/lib/thumb/v7e-m+fp/hard/libc_nano.a(libc_a-closer.o)
                              /opt/st/stm32cubeide_1.18.0/plugins/com.st.stm32cube.ide.mcu.externaltools.gnu-tools-for-stm32.13.3.rel1.linux64_1.0.0.202410170706/tools/bin/../lib/gcc/arm-none-eabi/13.3.1/../../../../arm-none-eabi/lib/thumb/v7e-m+fp/hard/libc_nano.a(libc_a-stdio.o) (_close_r)
/opt/st/stm32cubeide_1.18.0/plugins/com.st.stm32cube.ide.mcu.externaltools.gnu-tools-for-stm32.13.3.rel1.linux64_1.0.0.202410170706/tools/bin/../lib/gcc/arm-none-eabi/13.3.1/../../../../arm-none-eabi/lib/thumb/v7e-m+fp/hard/libc_nano.a(libc_a-reent.o)
                              /opt/st/stm32cubeide_1.18.0/plugins/com.st.stm32cube.ide.mcu.externaltools.gnu-tools-for-stm32.13.3.rel1.linux64_1.0.0.202410170706/tools/bin/../lib/gcc/arm-none-eabi/13.3.1/../../../../arm-none-eabi/lib/thumb/v7e-m+fp/hard/libc_nano.a(libc_a-closer.o) (errno)
/opt/st/stm32cubeide_1.18.0/plugins/com.st.stm32cube.ide.mcu.externaltools.gnu-tools-for-stm32.13.3.rel1.linux64_1.0.0.202410170706/tools/bin/../lib/gcc/arm-none-eabi/13.3.1/../../../../arm-none-eabi/lib/thumb/v7e-m+fp/hard/libc_nano.a(libc_a-impure.o)
                              /opt/st/stm32cubeide_1.18.0/plugins/com.st.stm32cube.ide.mcu.externaltools.gnu-tools-for-stm32.13.3.rel1.linux64_1.0.0.202410170706/tools/bin/../lib/gcc/arm-none-eabi/13.3.1/../../../../arm-none-eabi/lib/thumb/v7e-m+fp/hard/libc_nano.a(libc_a-sprintf.o) (_impure_ptr)
/opt/st/stm32cubeide_1.18.0/plugins/com.st.stm32cube.ide.mcu.externaltools.gnu-tools-for-stm32.13.3.rel1.linux64_1.0.0.202410170706/tools/bin/../lib/gcc/arm-none-eabi/13.3.1/../../../../arm-none-eabi/lib/thumb/v7e-m+fp/hard/libc_nano.a(libc_a-lseekr.o)
[...]
Memory Configuration

Name             Origin             Length             Attributes
RAM              0x20000000         0x00020000         xrw
FLASH            0x08000000         0x00080000         xr
*default*        0x00000000         0xffffffff

Linker script and memory map

LOAD /opt/st/stm32cubeide_1.18.0/plugins/com.st.stm32cube.ide.mcu.externaltools.gnu-tools-for-stm32.13.3.rel1.linux64_1.0.0.202410170706/tools/bin/../lib/gcc/arm-none-eabi/13.3.1/thumb/v7e-m+fp/hard/crti.o
LOAD /opt/st/stm32cubeide_1.18.0/plugins/com.st.stm32cube.ide.mcu.externaltools.gnu-tools-for-stm32.13.3.rel1.linux64_1.0.0.202410170706/tools/bin/../lib/gcc/arm-none-eabi/13.3.1/thumb/v7e-m+fp/hard/crtbegin.o
LOAD /opt/st/stm32cubeide_1.18.0/plugins/com.st.stm32cube.ide.mcu.externaltools.gnu-tools-for-stm32.13.3.rel1.linux64_1.0.0.202410170706/tools/bin/../lib/gcc/arm-none-eabi/13.3.1/../../../../arm-none-eabi/lib/thumb/v7e-m+fp/hard/crt0.o
LOAD ./Core/Src/it.o
LOAD ./Core/Src/main.o
LOAD ./Core/Src/msp.o
LOAD ./Core/Src/syscalls.o
LOAD ./Core/Src/sysmem.o
LOAD ./Core/Src/system_stm32f4xx.o
LOAD ./Core/Startup/startup_stm32f446retx.o
LOAD ./Drivers/STM32F4xx_HAL_Driver/Src/stm32f4xx_hal.o
LOAD ./Drivers/STM32F4xx_HAL_Driver/Src/stm32f4xx_hal_cortex.o
LOAD ./Drivers/STM32F4xx_HAL_Driver/Src/stm32f4xx_hal_dma.o
LOAD ./Drivers/STM32F4xx_HAL_Driver/Src/stm32f4xx_hal_dma_ex.o
LOAD ./Drivers/STM32F4xx_HAL_Driver/Src/stm32f4xx_hal_exti.o
LOAD ./Drivers/STM32F4xx_HAL_Driver/Src/stm32f4xx_hal_flash.o
LOAD ./Drivers/STM32F4xx_HAL_Driver/Src/stm32f4xx_hal_flash_ex.o
LOAD ./Drivers/STM32F4xx_HAL_Driver/Src/stm32f4xx_hal_flash_ramfunc.o
LOAD ./Drivers/STM32F4xx_HAL_Driver/Src/stm32f4xx_hal_gpio.o
LOAD ./Drivers/STM32F4xx_HAL_Driver/Src/stm32f4xx_hal_pwr.o
LOAD ./Drivers/STM32F4xx_HAL_Driver/Src/stm32f4xx_hal_pwr_ex.o
LOAD ./Drivers/STM32F4xx_HAL_Driver/Src/stm32f4xx_hal_rcc.o
LOAD ./Drivers/STM32F4xx_HAL_Driver/Src/stm32f4xx_hal_rcc_ex.o
LOAD ./Drivers/STM32F4xx_HAL_Driver/Src/stm32f4xx_hal_uart.o
START GROUP
LOAD /opt/st/stm32cubeide_1.18.0/plugins/com.st.stm32cube.ide.mcu.externaltools.gnu-tools-for-stm32.13.3.rel1.linux64_1.0.0.202410170706/tools/bin/../lib/gcc/arm-none-eabi/13.3.1/../../../../arm-none-eabi/lib/thumb/v7e-m+fp/hard/libc_nano.a
LOAD /opt/st/stm32cubeide_1.18.0/plugins/com.st.stm32cube.ide.mcu.externaltools.gnu-tools-for-stm32.13.3.rel1.linux64_1.0.0.202410170706/tools/bin/../lib/gcc/arm-none-eabi/13.3.1/../../../../arm-none-eabi/lib/thumb/v7e-m+fp/hard/libm.a
END GROUP
START GROUP
LOAD /opt/st/stm32cubeide_1.18.0/plugins/com.st.stm32cube.ide.mcu.externaltools.gnu-tools-for-stm32.13.3.rel1.linux64_1.0.0.202410170706/tools/bin/../lib/gcc/arm-none-eabi/13.3.1/thumb/v7e-m+fp/hard/libgcc.a
LOAD /opt/st/stm32cubeide_1.18.0/plugins/com.st.stm32cube.ide.mcu.externaltools.gnu-tools-for-stm32.13.3.rel1.linux64_1.0.0.202410170706/tools/bin/../lib/gcc/arm-none-eabi/13.3.1/../../../../arm-none-eabi/lib/thumb/v7e-m+fp/hard/libc_nano.a
END GROUP
START GROUP
LOAD /opt/st/stm32cubeide_1.18.0/plugins/com.st.stm32cube.ide.mcu.externaltools.gnu-tools-for-stm32.13.3.rel1.linux64_1.0.0.202410170706/tools/bin/../lib/gcc/arm-none-eabi/13.3.1/thumb/v7e-m+fp/hard/libgcc.a
LOAD /opt/st/stm32cubeide_1.18.0/plugins/com.st.stm32cube.ide.mcu.externaltools.gnu-tools-for-stm32.13.3.rel1.linux64_1.0.0.202410170706/tools/bin/../lib/gcc/arm-none-eabi/13.3.1/../../../../arm-none-eabi/lib/thumb/v7e-m+fp/hard/libc_nano.a
LOAD /opt/st/stm32cubeide_1.18.0/plugins/com.st.stm32cube.ide.mcu.externaltools.gnu-tools-for-stm32.13.3.rel1.linux64_1.0.0.202410170706/tools/bin/../lib/gcc/arm-none-eabi/13.3.1/../../../../arm-none-eabi/lib/thumb/v7e-m+fp/hard/libnosys.a
END GROUP
START GROUP
LOAD /opt/st/stm32cubeide_1.18.0/plugins/com.st.stm32cube.ide.mcu.externaltools.gnu-tools-for-stm32.13.3.rel1.linux64_1.0.0.202410170706/tools/bin/../lib/gcc/arm-none-eabi/13.3.1/thumb/v7e-m+fp/hard/libgcc.a
LOAD /opt/st/stm32cubeide_1.18.0/plugins/com.st.stm32cube.ide.mcu.externaltools.gnu-tools-for-stm32.13.3.rel1.linux64_1.0.0.202410170706/tools/bin/../lib/gcc/arm-none-eabi/13.3.1/../../../../arm-none-eabi/lib/thumb/v7e-m+fp/hard/libc_nano.a
LOAD /opt/st/stm32cubeide_1.18.0/plugins/com.st.stm32cube.ide.mcu.externaltools.gnu-tools-for-stm32.13.3.rel1.linux64_1.0.0.202410170706/tools/bin/../lib/gcc/arm-none-eabi/13.3.1/../../../../arm-none-eabi/lib/thumb/v7e-m+fp/hard/libnosys.a
END GROUP
LOAD /opt/st/stm32cubeide_1.18.0/plugins/com.st.stm32cube.ide.mcu.externaltools.gnu-tools-for-stm32.13.3.rel1.linux64_1.0.0.202410170706/tools/bin/../lib/gcc/arm-none-eabi/13.3.1/thumb/v7e-m+fp/hard/crtend.o
LOAD /opt/st/stm32cubeide_1.18.0/plugins/com.st.stm32cube.ide.mcu.externaltools.gnu-tools-for-stm32.13.3.rel1.linux64_1.0.0.202410170706/tools/bin/../lib/gcc/arm-none-eabi/13.3.1/thumb/v7e-m+fp/hard/crtn.o
                0x20020000                        _estack = (ORIGIN (RAM) + LENGTH (RAM))
                0x00000200                        _Min_Heap_Size = 0x200
                0x00000400                        _Min_Stack_Size = 0x400

.isr_vector     0x08000000      0x1c4
                0x08000000                        . = ALIGN (0x4)
 *(.isr_vector)
 .isr_vector    0x08000000      0x1c4 ./Core/Startup/startup_stm32f446retx.o
                0x08000000                g_pfnVectors
                0x080001c4                        . = ALIGN (0x4)

.text           0x080001d0     0x2b98
                0x080001d0                        . = ALIGN (0x4)
 *(.text)
 .text          0x080001d0       0x40 /opt/st/stm32cubeide_1.18.0/plugins/com.st.stm32cube.ide.mcu.externaltools.gnu-tools-for-stm32.13.3.rel1.linux64_1.0.0.202410170706/tools/bin/../lib/gcc/arm-none-eabi/13.3.1/thumb/v7e-m+fp/hard/crtbegin.o
 .text          0x08000210       0x10 /opt/st/stm32cubeide_1.18.0/plugins/com.st.stm32cube.ide.mcu.externaltools.gnu-tools-for-stm32.13.3.rel1.linux64_1.0.0.202410170706/tools/bin/../lib/gcc/arm-none-eabi/13.3.1/../../../../arm-none-eabi/lib/thumb/v7e-m+fp/hard/libc_nano.a(libc_a-strlen.o)
                0x08000210                strlen
 .text          0x08000220       0xa0 /opt/st/stm32cubeide_1.18.0/plugins/com.st.stm32cube.ide.mcu.externaltools.gnu-tools-for-stm32.13.3.rel1.linux64_1.0.0.202410170706/tools/bin/../lib/gcc/arm-none-eabi/13.3.1/../../../../arm-none-eabi/lib/thumb/v7e-m+fp/hard/libc_nano.a(libc_a-memchr.o)
                0x08000220                memchr
 .text          0x080002c0       0x30 /opt/st/stm32cubeide_1.18.0/plugins/com.st.stm32cube.ide.mcu.externaltools.gnu-tools-for-stm32.13.3.rel1.linux64_1.0.0.202410170706/tools/bin/../lib/gcc/arm-none-eabi/13.3.1/thumb/v7e-m+fp/hard/libgcc.a(_aeabi_uldivmod.o)
                0x080002c0                __aeabi_uldivmod
 .text          0x080002f0      0x2f8 /opt/st/stm32cubeide_1.18.0/plugins/com.st.stm32cube.ide.mcu.externaltools.gnu-tools-for-stm32.13.3.rel1.linux64_1.0.0.202410170706/tools/bin/../lib/gcc/arm-none-eabi/13.3.1/thumb/v7e-m+fp/hard/libgcc.a(_udivmoddi4.o)
                0x080002f0                __udivmoddi4
 .text          0x080005e8        0x4 /opt/st/stm32cubeide_1.18.0/plugins/com.st.stm32cube.ide.mcu.externaltools.gnu-tools-for-stm32.13.3.rel1.linux64_1.0.0.202410170706/tools/bin/../lib/gcc/arm-none-eabi/13.3.1/thumb/v7e-m+fp/hard/libgcc.a(_dvmd_tls.o)
                0x080005e8                __aeabi_ldiv0
                0x080005e8                __aeabi_idiv0
 *(.text*)
 .text.SysTick_Handler
                0x080005ec       0x10 ./Core/Src/it.o
                0x080005ec                SysTick_Handler
 .text.Error_handler
                0x080005fc        0x8 ./Core/Src/main.o
                0x080005fc                Error_handler
 .text.UART2_Init
                0x08000604       0x4c ./Core/Src/main.o
                0x08000604                UART2_Init
 .text.main     0x08000650      0x19c ./Core/Src/main.o
                0x08000650                main
 .text.HAL_MspInit
                0x080007ec       0x44 ./Core/Src/msp.o
                0x080007ec                HAL_MspInit
 .text.HAL_UART_MspInit
                0x08000830       0x90 ./Core/Src/msp.o
                0x08000830                HAL_UART_MspInit
 .text._sbrk    0x080008c0       0x6c ./Core/Src/sysmem.o
                0x080008c0                _sbrk
 .text.SystemInit
                0x0800092c       0x24 ./Core/Src/system_stm32f4xx.o
                0x0800092c                SystemInit
 .text.Reset_Handler
                0x08000950       0x50 ./Core/Startup/startup_stm32f446retx.o
                0x08000950                Reset_Handler
 .text.Default_Handler
                0x080009a0        0x2 ./Core/Startup/startup_stm32f446retx.o
                0x080009a0                RTC_Alarm_IRQHandler
                0x080009a0                EXTI2_IRQHandler
                0x080009a0                TIM8_CC_IRQHandler
                0x080009a0                DebugMon_Handler
                0x080009a0                FMPI2C1_EV_IRQHandler
                0x080009a0                SPI4_IRQHandler
                0x080009a0                TIM1_CC_IRQHandler
                0x080009a0                DMA2_Stream5_IRQHandler
                0x080009a0                HardFault_Handler
                0x080009a0                DMA1_Stream5_IRQHandler
                0x080009a0                PVD_IRQHandler
                0x080009a0                SDIO_IRQHandler
                0x080009a0                TAMP_STAMP_IRQHandler
                0x080009a0                PendSV_Handler
                0x080009a0                NMI_Handler
                0x080009a0                CAN2_RX1_IRQHandler
                0x080009a0                EXTI3_IRQHandler
                0x080009a0                TIM8_TRG_COM_TIM14_IRQHandler
                0x080009a0                TIM1_UP_TIM10_IRQHandler
                0x080009a0                TIM8_UP_TIM13_IRQHandler
                0x080009a0                I2C3_ER_IRQHandler
                0x080009a0                EXTI0_IRQHandler
                0x080009a0                I2C2_EV_IRQHandler
                0x080009a0                DMA1_Stream2_IRQHandler
                0x080009a0                CAN1_RX0_IRQHandler
                0x080009a0                FPU_IRQHandler
                0x080009a0                OTG_HS_WKUP_IRQHandler
                0x080009a0                UsageFault_Handler
                0x080009a0                CAN2_SCE_IRQHandler
                0x080009a0                DMA2_Stream2_IRQHandler
                0x080009a0                SPI1_IRQHandler
                0x080009a0                TIM6_DAC_IRQHandler
                0x080009a0                TIM1_BRK_TIM9_IRQHandler
                0x080009a0                DCMI_IRQHandler
                0x080009a0                CAN2_RX0_IRQHandler
                0x080009a0                DMA2_Stream3_IRQHandler
                0x080009a0                SAI2_IRQHandler
                0x080009a0                USART6_IRQHandler
                0x080009a0                USART3_IRQHandler
                0x080009a0                CAN1_RX1_IRQHandler
                0x080009a0                UART5_IRQHandler
                0x080009a0                DMA2_Stream0_IRQHandler
                0x080009a0                TIM4_IRQHandler
                0x080009a0                QUADSPI_IRQHandler
                0x080009a0                I2C1_EV_IRQHandler
                0x080009a0                DMA1_Stream6_IRQHandler
                0x080009a0                DMA1_Stream1_IRQHandler
                0x080009a0                UART4_IRQHandler
                0x080009a0                TIM3_IRQHandler
                0x080009a0                RCC_IRQHandler
                0x080009a0                TIM8_BRK_TIM12_IRQHandler
                0x080009a0                Default_Handler
                0x080009a0                CEC_IRQHandler
                0x080009a0                EXTI15_10_IRQHandler
                0x080009a0                ADC_IRQHandler
                0x080009a0                DMA1_Stream7_IRQHandler
                0x080009a0                TIM7_IRQHandler
                0x080009a0                CAN2_TX_IRQHandler
                0x080009a0                TIM5_IRQHandler
                0x080009a0                DMA2_Stream7_IRQHandler
                0x080009a0                I2C3_EV_IRQHandler
                0x080009a0                EXTI9_5_IRQHandler
                0x080009a0                RTC_WKUP_IRQHandler
                0x080009a0                SPDIF_RX_IRQHandler
                0x080009a0                SPI2_IRQHandler
                0x080009a0                OTG_HS_EP1_IN_IRQHandler
                0x080009a0                MemManage_Handler
                0x080009a0                DMA1_Stream0_IRQHandler
                0x080009a0                CAN1_TX_IRQHandler
                0x080009a0                SVC_Handler
                0x080009a0                FMPI2C1_ER_IRQHandler
                0x080009a0                EXTI4_IRQHandler
                0x080009a0                OTG_HS_EP1_OUT_IRQHandler
                0x080009a0                WWDG_IRQHandler
                0x080009a0                TIM2_IRQHandler
                0x080009a0                OTG_FS_WKUP_IRQHandler
                0x080009a0                TIM1_TRG_COM_TIM11_IRQHandler
                0x080009a0                OTG_HS_IRQHandler
                0x080009a0                EXTI1_IRQHandler
                0x080009a0                USART2_IRQHandler
                0x080009a0                I2C2_ER_IRQHandler
                0x080009a0                DMA2_Stream1_IRQHandler
                0x080009a0                CAN1_SCE_IRQHandler
                0x080009a0                FLASH_IRQHandler
                0x080009a0                DMA2_Stream4_IRQHandler
                0x080009a0                BusFault_Handler
                0x080009a0                USART1_IRQHandler
                0x080009a0                OTG_FS_IRQHandler
                0x080009a0                SPI3_IRQHandler
                0x080009a0                DMA1_Stream4_IRQHandler
                0x080009a0                I2C1_ER_IRQHandler
                0x080009a0                FMC_IRQHandler
                0x080009a0                DMA2_Stream6_IRQHandler
                0x080009a0                SAI1_IRQHandler
                0x080009a0                DMA1_Stream3_IRQHandler
 *fill*         0x080009a2        0x2 
 .text.HAL_Init
                0x080009a4       0x44 ./Drivers/STM32F4xx_HAL_Driver/Src/stm32f4xx_hal.o
                0x080009a4                HAL_Init
 .text.HAL_InitTick
                0x080009e8       0x60 ./Drivers/STM32F4xx_HAL_Driver/Src/stm32f4xx_hal.o
                0x080009e8                HAL_InitTick
 .text.HAL_IncTick
                0x08000a48       0x28 ./Drivers/STM32F4xx_HAL_Driver/Src/stm32f4xx_hal.o
                0x08000a48                HAL_IncTick
 .text.HAL_GetTick
                0x08000a70       0x18 ./Drivers/STM32F4xx_HAL_Driver/Src/stm32f4xx_hal.o
                0x08000a70                HAL_GetTick
 .text.__NVIC_SetPriorityGrouping
                0x08000a88       0x48 ./Drivers/STM32F4xx_HAL_Driver/Src/stm32f4xx_hal_cortex.o
 .text.__NVIC_GetPriorityGrouping
                0x08000ad0       0x1c ./Drivers/STM32F4xx_HAL_Driver/Src/stm32f4xx_hal_cortex.o
 .text.__NVIC_EnableIRQ
                0x08000aec       0x3c ./Drivers/STM32F4xx_HAL_Driver/Src/stm32f4xx_hal_cortex.o
 .text.__NVIC_SetPriority
                0x08000b28       0x54 ./Drivers/STM32F4xx_HAL_Driver/Src/stm32f4xx_hal_cortex.o
 .text.NVIC_EncodePriority
                0x08000b7c       0x66 ./Drivers/STM32F4xx_HAL_Driver/Src/stm32f4xx_hal_cortex.o
 *fill*         0x08000be2        0x2 
 .text.SysTick_Config
                0x08000be4       0x44 ./Drivers/STM32F4xx_HAL_Driver/Src/stm32f4xx_hal_cortex.o
 .text.HAL_NVIC_SetPriorityGrouping
                0x08000c28       0x16 ./Drivers/STM32F4xx_HAL_Driver/Src/stm32f4xx_hal_cortex.o
                0x08000c28                HAL_NVIC_SetPriorityGrouping
 .text.HAL_NVIC_SetPriority
                0x08000c3e       0x38 ./Drivers/STM32F4xx_HAL_Driver/Src/stm32f4xx_hal_cortex.o
                0x08000c3e                HAL_NVIC_SetPriority
 .text.HAL_NVIC_EnableIRQ
                0x08000c76       0x1c ./Drivers/STM32F4xx_HAL_Driver/Src/stm32f4xx_hal_cortex.o
                0x08000c76                HAL_NVIC_EnableIRQ
 .text.HAL_SYSTICK_Config
                0x08000c92       0x18 ./Drivers/STM32F4xx_HAL_Driver/Src/stm32f4xx_hal_cortex.o
                0x08000c92                HAL_SYSTICK_Config
 *fill*         0x08000caa        0x2 
 .text.HAL_SYSTICK_CLKSourceConfig
                0x08000cac       0x38 ./Drivers/STM32F4xx_HAL_Driver/Src/stm32f4xx_hal_cortex.o
                0x08000cac                HAL_SYSTICK_CLKSourceConfig
 .text.HAL_SYSTICK_IRQHandler
                0x08000ce4        0xc ./Drivers/STM32F4xx_HAL_Driver/Src/stm32f4xx_hal_cortex.o
                0x08000ce4                HAL_SYSTICK_IRQHandler
 .text.HAL_SYSTICK_Callback
                0x08000cf0        0xe ./Drivers/STM32F4xx_HAL_Driver/Src/stm32f4xx_hal_cortex.o
                0x08000cf0                HAL_SYSTICK_Callback
 *fill*         0x08000cfe        0x2 
 .text.HAL_GPIO_Init
                0x08000d00      0x328 ./Drivers/STM32F4xx_HAL_Driver/Src/stm32f4xx_hal_gpio.o
                0x08000d00                HAL_GPIO_Init
 .text.HAL_RCC_ClockConfig
                0x08001028      0x1cc ./Drivers/STM32F4xx_HAL_Driver/Src/stm32f4xx_hal_rcc.o
                0x08001028                HAL_RCC_ClockConfig
 .text.HAL_RCC_GetHCLKFreq
                0x080011f4       0x18 ./Drivers/STM32F4xx_HAL_Driver/Src/stm32f4xx_hal_rcc.o
                0x080011f4                HAL_RCC_GetHCLKFreq
 .text.HAL_RCC_GetPCLK1Freq
                0x0800120c       0x28 ./Drivers/STM32F4xx_HAL_Driver/Src/stm32f4xx_hal_rcc.o
                0x0800120c                HAL_RCC_GetPCLK1Freq
 .text.HAL_RCC_GetPCLK2Freq
                0x08001234       0x28 ./Drivers/STM32F4xx_HAL_Driver/Src/stm32f4xx_hal_rcc.o
                0x08001234                HAL_RCC_GetPCLK2Freq
 .text.HAL_RCC_GetSysClockFreq
                0x0800125c      0x460 ./Drivers/STM32F4xx_HAL_Driver/Src/stm32f4xx_hal_rcc_ex.o
                0x0800125c                HAL_RCC_GetSysClockFreq
 .text.HAL_RCC_OscConfig
                0x080016bc      0x53c ./Drivers/STM32F4xx_HAL_Driver/Src/stm32f4xx_hal_rcc_ex.o
                0x080016bc                HAL_RCC_OscConfig
 .text.HAL_UART_Init
                0x08001bf8       0xa0 ./Drivers/STM32F4xx_HAL_Driver/Src/stm32f4xx_hal_uart.o
                0x08001bf8                HAL_UART_Init
 .text.HAL_UART_Transmit
                0x08001c98      0x116 ./Drivers/STM32F4xx_HAL_Driver/Src/stm32f4xx_hal_uart.o
                0x08001c98                HAL_UART_Transmit
 .text.UART_WaitOnFlagUntilTimeout
                0x08001dae       0xb2 ./Drivers/STM32F4xx_HAL_Driver/Src/stm32f4xx_hal_uart.o
 .text.UART_EndRxTransfer
                0x08001e60       0xc6 ./Drivers/STM32F4xx_HAL_Driver/Src/stm32f4xx_hal_uart.o
 *fill*         0x08001f26        0x2 
 .text.UART_SetConfig
                0x08001f28      0x4e8 ./Drivers/STM32F4xx_HAL_Driver/Src/stm32f4xx_hal_uart.o
 .text.sprintf  0x08002410       0x44 /opt/st/stm32cubeide_1.18.0/plugins/com.st.stm32cube.ide.mcu.externaltools.gnu-tools-for-stm32.13.3.rel1.linux64_1.0.0.202410170706/tools/bin/../lib/gcc/arm-none-eabi/13.3.1/../../../../arm-none-eabi/lib/thumb/v7e-m+fp/hard/libc_nano.a(libc_a-sprintf.o)
                0x08002410                sprintf
                0x08002410                siprintf
 .text.memset   0x08002454       0x10 /opt/st/stm32cubeide_1.18.0/plugins/com.st.stm32cube.ide.mcu.externaltools.gnu-tools-for-stm32.13.3.rel1.linux64_1.0.0.202410170706/tools/bin/../lib/gcc/arm-none-eabi/13.3.1/../../../../arm-none-eabi/lib/thumb/v7e-m+fp/hard/libc_nano.a(libc_a-memset.o)
                0x08002454                memset
 .text.__errno  0x08002464        0xc /opt/st/stm32cubeide_1.18.0/plugins/com.st.stm32cube.ide.mcu.externaltools.gnu-tools-for-stm32.13.3.rel1.linux64_1.0.0.202410170706/tools/bin/../lib/gcc/arm-none-eabi/13.3.1/../../../../arm-none-eabi/lib/thumb/v7e-m+fp/hard/libc_nano.a(libc_a-errno.o)
                0x08002464                __errno
 .text.__libc_init_array
                0x08002470       0x48 /opt/st/stm32cubeide_1.18.0/plugins/com.st.stm32cube.ide.mcu.externaltools.gnu-tools-for-stm32.13.3.rel1.linux64_1.0.0.202410170706/tools/bin/../lib/gcc/arm-none-eabi/13.3.1/../../../../arm-none-eabi/lib/thumb/v7e-m+fp/hard/libc_nano.a(libc_a-init.o)
                0x08002470                __libc_init_array
 .text.__retarget_lock_acquire_recursive
                0x080024b8        0x2 /opt/st/stm32cubeide_1.18.0/plugins/com.st.stm32cube.ide.mcu.externaltools.gnu-tools-for-stm32.13.3.rel1.linux64_1.0.0.202410170706/tools/bin/../lib/gcc/arm-none-eabi/13.3.1/../../../../arm-none-eabi/lib/thumb/v7e-m+fp/hard/libc_nano.a(libc_a-lock.o)
                0x080024b8                __retarget_lock_acquire_recursive
 .text.__retarget_lock_release_recursive
                0x080024ba        0x2 /opt/st/stm32cubeide_1.18.0/plugins/com.st.stm32cube.ide.mcu.externaltools.gnu-tools-for-stm32.13.3.rel1.linux64_1.0.0.202410170706/tools/bin/../lib/gcc/arm-none-eabi/13.3.1/../../../../arm-none-eabi/lib/thumb/v7e-m+fp/hard/libc_nano.a(libc_a-lock.o)
                0x080024ba                __retarget_lock_release_recursive
 .text._free_r  0x080024bc       0x94 /opt/st/stm32cubeide_1.18.0/plugins/com.st.stm32cube.ide.mcu.externaltools.gnu-tools-for-stm32.13.3.rel1.linux64_1.0.0.202410170706/tools/bin/../lib/gcc/arm-none-eabi/13.3.1/../../../../arm-none-eabi/lib/thumb/v7e-m+fp/hard/libc_nano.a(libc_a-freer.o)
                0x080024bc                _free_r
 .text.sbrk_aligned
                0x08002550       0x44 /opt/st/stm32cubeide_1.18.0/plugins/com.st.stm32cube.ide.mcu.externaltools.gnu-tools-for-stm32.13.3.rel1.linux64_1.0.0.202410170706/tools/bin/../lib/gcc/arm-none-eabi/13.3.1/../../../../arm-none-eabi/lib/thumb/v7e-m+fp/hard/libc_nano.a(libc_a-mallocr.o)
 .text._malloc_r
                0x08002594      0x100 /opt/st/stm32cubeide_1.18.0/plugins/com.st.stm32cube.ide.mcu.externaltools.gnu-tools-for-stm32.13.3.rel1.linux64_1.0.0.202410170706/tools/bin/../lib/gcc/arm-none-eabi/13.3.1/../../../../arm-none-eabi/lib/thumb/v7e-m+fp/hard/libc_nano.a(libc_a-mallocr.o)
                0x08002594                _malloc_r
 .text.__malloc_lock
                0x08002694        0xc /opt/st/stm32cubeide_1.18.0/plugins/com.st.stm32cube.ide.mcu.externaltools.gnu-tools-for-stm32.13.3.rel1.linux64_1.0.0.202410170706/tools/bin/../lib/gcc/arm-none-eabi/13.3.1/../../../../arm-none-eabi/lib/thumb/v7e-m+fp/hard/libc_nano.a(libc_a-mlock.o)
                0x08002694                __malloc_lock
 .text.__malloc_unlock
                0x080026a0        0xc /opt/st/stm32cubeide_1.18.0/plugins/com.st.stm32cube.ide.mcu.externaltools.gnu-tools-for-stm32.13.3.rel1.linux64_1.0.0.202410170706/tools/bin/../lib/gcc/arm-none-eabi/13.3.1/../../../../arm-none-eabi/lib/thumb/v7e-m+fp/hard/libc_nano.a(libc_a-mlock.o)
                0x080026a0                __malloc_unlock
 .text.__ssputs_r
                0x080026ac       0xb6 /opt/st/stm32cubeide_1.18.0/plugins/com.st.stm32cube.ide.mcu.externaltools.gnu-tools-for-stm32.13.3.rel1.linux64_1.0.0.202410170706/tools/bin/../lib/gcc/arm-none-eabi/13.3.1/../../../../arm-none-eabi/lib/thumb/v7e-m+fp/hard/libc_nano.a(libc_a-nano-svfprintf.o)
                0x080026ac                __ssputs_r
 *fill*         0x08002762        0x2 
 .text._svfprintf_r
                0x08002764      0x1f8 /opt/st/stm32cubeide_1.18.0/plugins/com.st.stm32cube.ide.mcu.externaltools.gnu-tools-for-stm32.13.3.rel1.linux64_1.0.0.202410170706/tools/bin/../lib/gcc/arm-none-eabi/13.3.1/../../../../arm-none-eabi/lib/thumb/v7e-m+fp/hard/libc_nano.a(libc_a-nano-svfprintf.o)
                0x08002764                _svfprintf_r
                0x08002764                _svfiprintf_r
 .text._printf_common
                0x0800295c       0xda /opt/st/stm32cubeide_1.18.0/plugins/com.st.stm32cube.ide.mcu.externaltools.gnu-tools-for-stm32.13.3.rel1.linux64_1.0.0.202410170706/tools/bin/../lib/gcc/arm-none-eabi/13.3.1/../../../../arm-none-eabi/lib/thumb/v7e-m+fp/hard/libc_nano.a(libc_a-nano-vfprintf_i.o)
                0x0800295c                _printf_common
 *fill*         0x08002a36        0x2 
 .text._printf_i
                0x08002a38      0x23c /opt/st/stm32cubeide_1.18.0/plugins/com.st.stm32cube.ide.mcu.externaltools.gnu-tools-for-stm32.13.3.rel1.linux64_1.0.0.202410170706/tools/bin/../lib/gcc/arm-none-eabi/13.3.1/../../../../arm-none-eabi/lib/thumb/v7e-m+fp/hard/libc_nano.a(libc_a-nano-vfprintf_i.o)
                0x08002a38                _printf_i
 .text.memmove  0x08002c74       0x34 /opt/st/stm32cubeide_1.18.0/plugins/com.st.stm32cube.ide.mcu.externaltools.gnu-tools-for-stm32.13.3.rel1.linux64_1.0.0.202410170706/tools/bin/../lib/gcc/arm-none-eabi/13.3.1/../../../../arm-none-eabi/lib/thumb/v7e-m+fp/hard/libc_nano.a(libc_a-memmove.o)
                0x08002c74                memmove
 .text._sbrk_r  0x08002ca8       0x20 /opt/st/stm32cubeide_1.18.0/plugins/com.st.stm32cube.ide.mcu.externaltools.gnu-tools-for-stm32.13.3.rel1.linux64_1.0.0.202410170706/tools/bin/../lib/gcc/arm-none-eabi/13.3.1/../../../../arm-none-eabi/lib/thumb/v7e-m+fp/hard/libc_nano.a(libc_a-sbrkr.o)
                0x08002ca8                _sbrk_r
 .text.memcpy   0x08002cc8       0x1c /opt/st/stm32cubeide_1.18.0/plugins/com.st.stm32cube.ide.mcu.externaltools.gnu-tools-for-stm32.13.3.rel1.linux64_1.0.0.202410170706/tools/bin/../lib/gcc/arm-none-eabi/13.3.1/../../../../arm-none-eabi/lib/thumb/v7e-m+fp/hard/libc_nano.a(libc_a-memcpy-stub.o)
                0x08002cc8                memcpy
 .text._realloc_r
                0x08002ce4       0x5c /opt/st/stm32cubeide_1.18.0/plugins/com.st.stm32cube.ide.mcu.externaltools.gnu-tools-for-stm32.13.3.rel1.linux64_1.0.0.202410170706/tools/bin/../lib/gcc/arm-none-eabi/13.3.1/../../../../arm-none-eabi/lib/thumb/v7e-m+fp/hard/libc_nano.a(libc_a-reallocr.o)
                0x08002ce4                _realloc_r
 .text._malloc_usable_size_r
                0x08002d40       0x10 /opt/st/stm32cubeide_1.18.0/plugins/com.st.stm32cube.ide.mcu.externaltools.gnu-tools-for-stm32.13.3.rel1.linux64_1.0.0.202410170706/tools/bin/../lib/gcc/arm-none-eabi/13.3.1/../../../../arm-none-eabi/lib/thumb/v7e-m+fp/hard/libc_nano.a(libc_a-msizer.o)
                0x08002d40                _malloc_usable_size_r
 *(.glue_7)
 .glue_7        0x08002d50        0x0 linker stubs
 *(.glue_7t)
 .glue_7t       0x08002d50        0x0 linker stubs
 *(.eh_frame)
 .eh_frame      0x08002d50        0x0 /opt/st/stm32cubeide_1.18.0/plugins/com.st.stm32cube.ide.mcu.externaltools.gnu-tools-for-stm32.13.3.rel1.linux64_1.0.0.202410170706/tools/bin/../lib/gcc/arm-none-eabi/13.3.1/thumb/v7e-m+fp/hard/crtbegin.o
 *(.init)
 .init          0x08002d50        0x4 /opt/st/stm32cubeide_1.18.0/plugins/com.st.stm32cube.ide.mcu.externaltools.gnu-tools-for-stm32.13.3.rel1.linux64_1.0.0.202410170706/tools/bin/../lib/gcc/arm-none-eabi/13.3.1/thumb/v7e-m+fp/hard/crti.o
                0x08002d50                _init
 .init          0x08002d54        0x8 /opt/st/stm32cubeide_1.18.0/plugins/com.st.stm32cube.ide.mcu.externaltools.gnu-tools-for-stm32.13.3.rel1.linux64_1.0.0.202410170706/tools/bin/../lib/gcc/arm-none-eabi/13.3.1/thumb/v7e-m+fp/hard/crtn.o
 *(.fini)
 .fini          0x08002d5c        0x4 /opt/st/stm32cubeide_1.18.0/plugins/com.st.stm32cube.ide.mcu.externaltools.gnu-tools-for-stm32.13.3.rel1.linux64_1.0.0.202410170706/tools/bin/../lib/gcc/arm-none-eabi/13.3.1/thumb/v7e-m+fp/hard/crti.o
                0x08002d5c                _fini
 .fini          0x08002d60        0x8 /opt/st/stm32cubeide_1.18.0/plugins/com.st.stm32cube.ide.mcu.externaltools.gnu-tools-for-stm32.13.3.rel1.linux64_1.0.0.202410170706/tools/bin/../lib/gcc/arm-none-eabi/13.3.1/thumb/v7e-m+fp/hard/crtn.o
                0x08002d68                        . = ALIGN (0x4)
                0x08002d68                        _etext = .

.vfp11_veneer   0x08002d68        0x0
 .vfp11_veneer  0x08002d68        0x0 linker stubs

.v4_bx          0x08002d68        0x0
 .v4_bx         0x08002d68        0x0 linker stubs

.iplt           0x08002d68        0x0
 .iplt          0x08002d68        0x0 /opt/st/stm32cubeide_1.18.0/plugins/com.st.stm32cube.ide.mcu.externaltools.gnu-tools-for-stm32.13.3.rel1.linux64_1.0.0.202410170706/tools/bin/../lib/gcc/arm-none-eabi/13.3.1/thumb/v7e-m+fp/hard/crtbegin.o

.rodata         0x08002d68       0x8c
                0x08002d68                        . = ALIGN (0x4)
 *(.rodata)
 .rodata        0x08002d68       0x3e ./Core/Src/main.o
 *(.rodata*)
 *fill*         0x08002da6        0x2 
 .rodata.AHBPrescTable
                0x08002da8       0x10 ./Core/Src/system_stm32f4xx.o
                0x08002da8                AHBPrescTable
 .rodata.APBPrescTable
                0x08002db8        0x8 ./Core/Src/system_stm32f4xx.o
                0x08002db8                APBPrescTable
 .rodata._svfprintf_r.str1.1
                0x08002dc0       0x33 /opt/st/stm32cubeide_1.18.0/plugins/com.st.stm32cube.ide.mcu.externaltools.gnu-tools-for-stm32.13.3.rel1.linux64_1.0.0.202410170706/tools/bin/../lib/gcc/arm-none-eabi/13.3.1/../../../../arm-none-eabi/lib/thumb/v7e-m+fp/hard/libc_nano.a(libc_a-nano-svfprintf.o)
                                 0x11 (size before relaxing)
 .rodata._printf_i.str1.1
                0x08002df3       0x22 /opt/st/stm32cubeide_1.18.0/plugins/com.st.stm32cube.ide.mcu.externaltools.gnu-tools-for-stm32.13.3.rel1.linux64_1.0.0.202410170706/tools/bin/../lib/gcc/arm-none-eabi/13.3.1/../../../../arm-none-eabi/lib/thumb/v7e-m+fp/hard/libc_nano.a(libc_a-nano-vfprintf_i.o)
                0x08002e18                        . = ALIGN (0x4)
 *fill*         0x08002df3        0x1 

.ARM.extab      0x08002df4        0x0
                0x08002df4                        . = ALIGN (0x4)
 *(.ARM.extab* .gnu.linkonce.armextab.*)
                0x08002df4                        . = ALIGN (0x4)

.ARM            0x08002df4        0x8
                0x08002df4                        . = ALIGN (0x4)
                0x08002df4                        __exidx_start = .
 *(.ARM.exidx*)
 .ARM.exidx     0x08002df4        0x8 /opt/st/stm32cubeide_1.18.0/plugins/com.st.stm32cube.ide.mcu.externaltools.gnu-tools-for-stm32.13.3.rel1.linux64_1.0.0.202410170706/tools/bin/../lib/gcc/arm-none-eabi/13.3.1/../../../../arm-none-eabi/lib/thumb/v7e-m+fp/hard/libc_nano.a(libc_a-strlen.o)
 .ARM.exidx     0x08002dfc        0x0 /opt/st/stm32cubeide_1.18.0/plugins/com.st.stm32cube.ide.mcu.externaltools.gnu-tools-for-stm32.13.3.rel1.linux64_1.0.0.202410170706/tools/bin/../lib/gcc/arm-none-eabi/13.3.1/../../../../arm-none-eabi/lib/thumb/v7e-m+fp/hard/libc_nano.a(libc_a-memchr.o)
                                  0x8 (size before relaxing)
 .ARM.exidx     0x08002dfc        0x0 /opt/st/stm32cubeide_1.18.0/plugins/com.st.stm32cube.ide.mcu.externaltools.gnu-tools-for-stm32.13.3.rel1.linux64_1.0.0.202410170706/tools/bin/../lib/gcc/arm-none-eabi/13.3.1/thumb/v7e-m+fp/hard/libgcc.a(_udivmoddi4.o)
                                  0x8 (size before relaxing)
                0x08002dfc                        __exidx_end = .
                0x08002dfc                        . = ALIGN (0x4)

.preinit_array  0x08002dfc        0x0
                0x08002dfc                        . = ALIGN (0x4)
                0x08002dfc                        PROVIDE (__preinit_array_start = .)
 *(.preinit_array*)
                0x08002dfc                        PROVIDE (__preinit_array_end = .)
                0x08002dfc                        . = ALIGN (0x4)

.init_array     0x08002dfc        0x4
                0x08002dfc                        . = ALIGN (0x4)
                0x08002dfc                        PROVIDE (__init_array_start = .)
 *(SORT_BY_NAME(.init_array.*))
 *(.init_array*)
 .init_array    0x08002dfc        0x4 /opt/st/stm32cubeide_1.18.0/plugins/com.st.stm32cube.ide.mcu.externaltools.gnu-tools-for-stm32.13.3.rel1.linux64_1.0.0.202410170706/tools/bin/../lib/gcc/arm-none-eabi/13.3.1/thumb/v7e-m+fp/hard/crtbegin.o
                0x08002e00                        PROVIDE (__init_array_end = .)
                0x08002e00                        . = ALIGN (0x4)

.fini_array     0x08002e00        0x4
                0x08002e00                        . = ALIGN (0x4)
                [!provide]                        PROVIDE (__fini_array_start = .)
 *(SORT_BY_NAME(.fini_array.*))
 *(.fini_array*)
 .fini_array    0x08002e00        0x4 /opt/st/stm32cubeide_1.18.0/plugins/com.st.stm32cube.ide.mcu.externaltools.gnu-tools-for-stm32.13.3.rel1.linux64_1.0.0.202410170706/tools/bin/../lib/gcc/arm-none-eabi/13.3.1/thumb/v7e-m+fp/hard/crtbegin.o
                [!provide]                        PROVIDE (__fini_array_end = .)
                0x08002e04                        . = ALIGN (0x4)
                0x08002e04                        _sidata = LOADADDR (.data)

.rel.dyn        0x08002e04        0x0
 .rel.iplt      0x08002e04        0x0 /opt/st/stm32cubeide_1.18.0/plugins/com.st.stm32cube.ide.mcu.externaltools.gnu-tools-for-stm32.13.3.rel1.linux64_1.0.0.202410170706/tools/bin/../lib/gcc/arm-none-eabi/13.3.1/thumb/v7e-m+fp/hard/crtbegin.o

.data           0x20000000       0x5c load address 0x08002e04
                0x20000000                        . = ALIGN (0x4)
                0x20000000                        _sdata = .
 *(.data)
 *(.data*)
 .data.SystemCoreClock
                0x20000000        0x4 ./Core/Src/system_stm32f4xx.o
                0x20000000                SystemCoreClock
 .data.uwTickPrio
                0x20000004        0x4 ./Drivers/STM32F4xx_HAL_Driver/Src/stm32f4xx_hal.o
                0x20000004                uwTickPrio
 .data.uwTickFreq
                0x20000008        0x1 ./Drivers/STM32F4xx_HAL_Driver/Src/stm32f4xx_hal.o
                0x20000008                uwTickFreq
 *fill*         0x20000009        0x3 
 .data._impure_ptr
                0x2000000c        0x4 /opt/st/stm32cubeide_1.18.0/plugins/com.st.stm32cube.ide.mcu.externaltools.gnu-tools-for-stm32.13.3.rel1.linux64_1.0.0.202410170706/tools/bin/../lib/gcc/arm-none-eabi/13.3.1/../../../../arm-none-eabi/lib/thumb/v7e-m+fp/hard/libc_nano.a(libc_a-impure.o)
                0x2000000c                _impure_ptr
 .data._impure_data
                0x20000010       0x4c /opt/st/stm32cubeide_1.18.0/plugins/com.st.stm32cube.ide.mcu.externaltools.gnu-tools-for-stm32.13.3.rel1.linux64_1.0.0.202410170706/tools/bin/../lib/gcc/arm-none-eabi/13.3.1/../../../../arm-none-eabi/lib/thumb/v7e-m+fp/hard/libc_nano.a(libc_a-impure.o)
                0x20000010                _impure_data
 *(.RamFunc)
 *(.RamFunc*)
                0x2000005c                        . = ALIGN (0x4)
                0x2000005c                        _edata = .

.igot.plt       0x2000005c        0x0 load address 0x08002e60
 .igot.plt      0x2000005c        0x0 /opt/st/stm32cubeide_1.18.0/plugins/com.st.stm32cube.ide.mcu.externaltools.gnu-tools-for-stm32.13.3.rel1.linux64_1.0.0.202410170706/tools/bin/../lib/gcc/arm-none-eabi/13.3.1/thumb/v7e-m+fp/hard/crtbegin.o
                0x2000005c                        . = ALIGN (0x4)

.bss            0x2000005c      0x1b4 load address 0x08002e60
                0x2000005c                        _sbss = .
                0x2000005c                        __bss_start__ = _sbss
 *(.bss)
 .bss           0x2000005c       0x1c /opt/st/stm32cubeide_1.18.0/plugins/com.st.stm32cube.ide.mcu.externaltools.gnu-tools-for-stm32.13.3.rel1.linux64_1.0.0.202410170706/tools/bin/../lib/gcc/arm-none-eabi/13.3.1/thumb/v7e-m+fp/hard/crtbegin.o
 *(.bss*)
 .bss.huart2    0x20000078       0x48 ./Core/Src/main.o
                0x20000078                huart2
 .bss.__sbrk_heap_end
                0x200000c0        0x4 ./Core/Src/sysmem.o
 .bss.uwTick    0x200000c4        0x4 ./Drivers/STM32F4xx_HAL_Driver/Src/stm32f4xx_hal.o
                0x200000c4                uwTick
 .bss.__sf      0x200000c8      0x138 /opt/st/stm32cubeide_1.18.0/plugins/com.st.stm32cube.ide.mcu.externaltools.gnu-tools-for-stm32.13.3.rel1.linux64_1.0.0.202410170706/tools/bin/../lib/gcc/arm-none-eabi/13.3.1/../../../../arm-none-eabi/lib/thumb/v7e-m+fp/hard/libc_nano.a(libc_a-findfp.o)
                0x200000c8                __sf
 .bss.errno     0x20000200        0x4 /opt/st/stm32cubeide_1.18.0/plugins/com.st.stm32cube.ide.mcu.externaltools.gnu-tools-for-stm32.13.3.rel1.linux64_1.0.0.202410170706/tools/bin/../lib/gcc/arm-none-eabi/13.3.1/../../../../arm-none-eabi/lib/thumb/v7e-m+fp/hard/libc_nano.a(libc_a-reent.o)
                0x20000200                errno
 .bss.__lock___malloc_recursive_mutex
                0x20000204        0x1 /opt/st/stm32cubeide_1.18.0/plugins/com.st.stm32cube.ide.mcu.externaltools.gnu-tools-for-stm32.13.3.rel1.linux64_1.0.0.202410170706/tools/bin/../lib/gcc/arm-none-eabi/13.3.1/../../../../arm-none-eabi/lib/thumb/v7e-m+fp/hard/libc_nano.a(libc_a-lock.o)
                0x20000204                __lock___malloc_recursive_mutex
 *fill*         0x20000205        0x3 
 .bss.__malloc_sbrk_start
                0x20000208        0x4 /opt/st/stm32cubeide_1.18.0/plugins/com.st.stm32cube.ide.mcu.externaltools.gnu-tools-for-stm32.13.3.rel1.linux64_1.0.0.202410170706/tools/bin/../lib/gcc/arm-none-eabi/13.3.1/../../../../arm-none-eabi/lib/thumb/v7e-m+fp/hard/libc_nano.a(libc_a-mallocr.o)
                0x20000208                __malloc_sbrk_start
 .bss.__malloc_free_list
                0x2000020c        0x4 /opt/st/stm32cubeide_1.18.0/plugins/com.st.stm32cube.ide.mcu.externaltools.gnu-tools-for-stm32.13.3.rel1.linux64_1.0.0.202410170706/tools/bin/../lib/gcc/arm-none-eabi/13.3.1/../../../../arm-none-eabi/lib/thumb/v7e-m+fp/hard/libc_nano.a(libc_a-mallocr.o)
                0x2000020c                __malloc_free_list
 *(COMMON)
                0x20000210                        . = ALIGN (0x4)
                0x20000210                        _ebss = .
                0x20000210                        __bss_end__ = _ebss

._user_heap_stack
                0x20000210      0x600 load address 0x08002e60
                0x20000210                        . = ALIGN (0x8)
                [!provide]                        PROVIDE (end = .)
                0x20000210                        PROVIDE (_end = .)
                0x20000410                        . = (. + _Min_Heap_Size)
 *fill*         0x20000210      0x200 
                0x20000810                        . = (. + _Min_Stack_Size)
 *fill*         0x20000410      0x400 
                0x20000810                        . = ALIGN (0x8)

/DISCARD/
 libc.a(*)
 libm.a(*)
 libgcc.a(*)

.ARM.attributes
                0x00000000       0x30
 *(.ARM.attributes)
 .ARM.attributes
                0x00000000       0x22 /opt/st/stm32cubeide_1.18.0/plugins/com.st.stm32cube.ide.mcu.externaltools.gnu-tools-for-stm32.13.3.rel1.linux64_1.0.0.202410170706/tools/bin/../lib/gcc/arm-none-eabi/13.3.1/thumb/v7e-m+fp/hard/crti.o
 .ARM.attributes
                0x00000022       0x34 /opt/st/stm32cubeide_1.18.0/plugins/com.st.stm32cube.ide.mcu.externaltools.gnu-tools-for-stm32.13.3.rel1.linux64_1.0.0.202410170706/tools/bin/../lib/gcc/arm-none-eabi/13.3.1/thumb/v7e-m+fp/hard/crtbegin.o
 .ARM.attributes
                0x00000056       0x34 ./Core/Src/it.o
 .ARM.attributes
                0x0000008a       0x34 ./Core/Src/main.o
 .ARM.attributes
                0x000000be       0x34 ./Core/Src/msp.o
 .ARM.attributes
                0x000000f2       0x34 ./Core/Src/sysmem.o
 .ARM.attributes
                0x00000126       0x34 ./Core/Src/system_stm32f4xx.o
 .ARM.attributes
                0x0000015a       0x21 ./Core/Startup/startup_stm32f446retx.o
 .ARM.attributes
                0x0000017b       0x34 ./Drivers/STM32F4xx_HAL_Driver/Src/stm32f4xx_hal.o
 .ARM.attributes
                0x000001af       0x34 ./Drivers/STM32F4xx_HAL_Driver/Src/stm32f4xx_hal_cortex.o
 .ARM.attributes
                0x000001e3       0x34 ./Drivers/STM32F4xx_HAL_Driver/Src/stm32f4xx_hal_gpio.o
 .ARM.attributes
                0x00000217       0x34 ./Drivers/STM32F4xx_HAL_Driver/Src/stm32f4xx_hal_rcc.o
 .ARM.attributes
                0x0000024b       0x34 ./Drivers/STM32F4xx_HAL_Driver/Src/stm32f4xx_hal_rcc_ex.o
 .ARM.attributes
                0x0000027f       0x34 ./Drivers/STM32F4xx_HAL_Driver/Src/stm32f4xx_hal_uart.o
 .ARM.attributes
                0x000002b3       0x34 /opt/st/stm32cubeide_1.18.0/plugins/com.st.stm32cube.ide.mcu.externaltools.gnu-tools-for-stm32.13.3.rel1.linux64_1.0.0.202410170706/tools/bin/../lib/gcc/arm-none-eabi/13.3.1/../../../../arm-none-eabi/lib/thumb/v7e-m+fp/hard/libc_nano.a(libc_a-findfp.o)
 .ARM.attributes
                0x000002e7       0x34 /opt/st/stm32cubeide_1.18.0/plugins/com.st.stm32cube.ide.mcu.externaltools.gnu-tools-for-stm32.13.3.rel1.linux64_1.0.0.202410170706/tools/bin/../lib/gcc/arm-none-eabi/13.3.1/../../../../arm-none-eabi/lib/thumb/v7e-m+fp/hard/libc_nano.a(libc_a-sprintf.o)
 .ARM.attributes
                0x0000031b       0x34 /opt/st/stm32cubeide_1.18.0/plugins/com.st.stm32cube.ide.mcu.externaltools.gnu-tools-for-stm32.13.3.rel1.linux64_1.0.0.202410170706/tools/bin/../lib/gcc/arm-none-eabi/13.3.1/../../../../arm-none-eabi/lib/thumb/v7e-m+fp/hard/libc_nano.a(libc_a-memset.o)
 .ARM.attributes
                0x0000034f       0x34 /opt/st/stm32cubeide_1.18.0/plugins/com.st.stm32cube.ide.mcu.externaltools.gnu-tools-for-stm32.13.3.rel1.linux64_1.0.0.202410170706/tools/bin/../lib/gcc/arm-none-eabi/13.3.1/../../../../arm-none-eabi/lib/thumb/v7e-m+fp/hard/libc_nano.a(libc_a-reent.o)
 .ARM.attributes
                0x00000383       0x34 /opt/st/stm32cubeide_1.18.0/plugins/com.st.stm32cube.ide.mcu.externaltools.gnu-tools-for-stm32.13.3.rel1.linux64_1.0.0.202410170706/tools/bin/../lib/gcc/arm-none-eabi/13.3.1/../../../../arm-none-eabi/lib/thumb/v7e-m+fp/hard/libc_nano.a(libc_a-impure.o)
 .ARM.attributes
                0x000003b7       0x34 /opt/st/stm32cubeide_1.18.0/plugins/com.st.stm32cube.ide.mcu.externaltools.gnu-tools-for-stm32.13.3.rel1.linux64_1.0.0.202410170706/tools/bin/../lib/gcc/arm-none-eabi/13.3.1/../../../../arm-none-eabi/lib/thumb/v7e-m+fp/hard/libc_nano.a(libc_a-errno.o)
 .ARM.attributes
                0x000003eb       0x34 /opt/st/stm32cubeide_1.18.0/plugins/com.st.stm32cube.ide.mcu.externaltools.gnu-tools-for-stm32.13.3.rel1.linux64_1.0.0.202410170706/tools/bin/../lib/gcc/arm-none-eabi/13.3.1/../../../../arm-none-eabi/lib/thumb/v7e-m+fp/hard/libc_nano.a(libc_a-init.o)
 .ARM.attributes
                0x0000041f       0x34 /opt/st/stm32cubeide_1.18.0/plugins/com.st.stm32cube.ide.mcu.externaltools.gnu-tools-for-stm32.13.3.rel1.linux64_1.0.0.202410170706/tools/bin/../lib/gcc/arm-none-eabi/13.3.1/../../../../arm-none-eabi/lib/thumb/v7e-m+fp/hard/libc_nano.a(libc_a-lock.o)
 .ARM.attributes
                0x00000453       0x17 /opt/st/stm32cubeide_1.18.0/plugins/com.st.stm32cube.ide.mcu.externaltools.gnu-tools-for-stm32.13.3.rel1.linux64_1.0.0.202410170706/tools/bin/../lib/gcc/arm-none-eabi/13.3.1/../../../../arm-none-eabi/lib/thumb/v7e-m+fp/hard/libc_nano.a(libc_a-strlen.o)
 .ARM.attributes
                0x0000046a       0x34 /opt/st/stm32cubeide_1.18.0/plugins/com.st.stm32cube.ide.mcu.externaltools.gnu-tools-for-stm32.13.3.rel1.linux64_1.0.0.202410170706/tools/bin/../lib/gcc/arm-none-eabi/13.3.1/../../../../arm-none-eabi/lib/thumb/v7e-m+fp/hard/libc_nano.a(libc_a-freer.o)
 .ARM.attributes
                0x0000049e       0x34 /opt/st/stm32cubeide_1.18.0/plugins/com.st.stm32cube.ide.mcu.externaltools.gnu-tools-for-stm32.13.3.rel1.linux64_1.0.0.202410170706/tools/bin/../lib/gcc/arm-none-eabi/13.3.1/../../../../arm-none-eabi/lib/thumb/v7e-m+fp/hard/libc_nano.a(libc_a-mallocr.o)
 .ARM.attributes
                0x000004d2       0x34 /opt/st/stm32cubeide_1.18.0/plugins/com.st.stm32cube.ide.mcu.externaltools.gnu-tools-for-stm32.13.3.rel1.linux64_1.0.0.202410170706/tools/bin/../lib/gcc/arm-none-eabi/13.3.1/../../../../arm-none-eabi/lib/thumb/v7e-m+fp/hard/libc_nano.a(libc_a-mlock.o)
 .ARM.attributes
                0x00000506       0x34 /opt/st/stm32cubeide_1.18.0/plugins/com.st.stm32cube.ide.mcu.externaltools.gnu-tools-for-stm32.13.3.rel1.linux64_1.0.0.202410170706/tools/bin/../lib/gcc/arm-none-eabi/13.3.1/../../../../arm-none-eabi/lib/thumb/v7e-m+fp/hard/libc_nano.a(libc_a-nano-svfprintf.o)
 .ARM.attributes
                0x0000053a       0x34 /opt/st/stm32cubeide_1.18.0/plugins/com.st.stm32cube.ide.mcu.externaltools.gnu-tools-for-stm32.13.3.rel1.linux64_1.0.0.202410170706/tools/bin/../lib/gcc/arm-none-eabi/13.3.1/../../../../arm-none-eabi/lib/thumb/v7e-m+fp/hard/libc_nano.a(libc_a-nano-vfprintf_i.o)
 .ARM.attributes
                0x0000056e       0x34 /opt/st/stm32cubeide_1.18.0/plugins/com.st.stm32cube.ide.mcu.externaltools.gnu-tools-for-stm32.13.3.rel1.linux64_1.0.0.202410170706/tools/bin/../lib/gcc/arm-none-eabi/13.3.1/../../../../arm-none-eabi/lib/thumb/v7e-m+fp/hard/libc_nano.a(libc_a-memmove.o)
 .ARM.attributes
                0x000005a2       0x34 /opt/st/stm32cubeide_1.18.0/plugins/com.st.stm32cube.ide.mcu.externaltools.gnu-tools-for-stm32.13.3.rel1.linux64_1.0.0.202410170706/tools/bin/../lib/gcc/arm-none-eabi/13.3.1/../../../../arm-none-eabi/lib/thumb/v7e-m+fp/hard/libc_nano.a(libc_a-sbrkr.o)
 .ARM.attributes
                0x000005d6       0x1c /opt/st/stm32cubeide_1.18.0/plugins/com.st.stm32cube.ide.mcu.externaltools.gnu-tools-for-stm32.13.3.rel1.linux64_1.0.0.202410170706/tools/bin/../lib/gcc/arm-none-eabi/13.3.1/../../../../arm-none-eabi/lib/thumb/v7e-m+fp/hard/libc_nano.a(libc_a-memchr.o)
 .ARM.attributes
                0x000005f2       0x34 /opt/st/stm32cubeide_1.18.0/plugins/com.st.stm32cube.ide.mcu.externaltools.gnu-tools-for-stm32.13.3.rel1.linux64_1.0.0.202410170706/tools/bin/../lib/gcc/arm-none-eabi/13.3.1/../../../../arm-none-eabi/lib/thumb/v7e-m+fp/hard/libc_nano.a(libc_a-memcpy-stub.o)
 .ARM.attributes
                0x00000626       0x34 /opt/st/stm32cubeide_1.18.0/plugins/com.st.stm32cube.ide.mcu.externaltools.gnu-tools-for-stm32.13.3.rel1.linux64_1.0.0.202410170706/tools/bin/../lib/gcc/arm-none-eabi/13.3.1/../../../../arm-none-eabi/lib/thumb/v7e-m+fp/hard/libc_nano.a(libc_a-reallocr.o)
 .ARM.attributes
                0x0000065a       0x34 /opt/st/stm32cubeide_1.18.0/plugins/com.st.stm32cube.ide.mcu.externaltools.gnu-tools-for-stm32.13.3.rel1.linux64_1.0.0.202410170706/tools/bin/../lib/gcc/arm-none-eabi/13.3.1/../../../../arm-none-eabi/lib/thumb/v7e-m+fp/hard/libc_nano.a(libc_a-msizer.o)
 .ARM.attributes
                0x0000068e       0x22 /opt/st/stm32cubeide_1.18.0/plugins/com.st.stm32cube.ide.mcu.externaltools.gnu-tools-for-stm32.13.3.rel1.linux64_1.0.0.202410170706/tools/bin/../lib/gcc/arm-none-eabi/13.3.1/thumb/v7e-m+fp/hard/libgcc.a(_aeabi_uldivmod.o)
 .ARM.attributes
                0x000006b0       0x34 /opt/st/stm32cubeide_1.18.0/plugins/com.st.stm32cube.ide.mcu.externaltools.gnu-tools-for-stm32.13.3.rel1.linux64_1.0.0.202410170706/tools/bin/../lib/gcc/arm-none-eabi/13.3.1/thumb/v7e-m+fp/hard/libgcc.a(_udivmoddi4.o)
 .ARM.attributes
                0x000006e4       0x22 /opt/st/stm32cubeide_1.18.0/plugins/com.st.stm32cube.ide.mcu.externaltools.gnu-tools-for-stm32.13.3.rel1.linux64_1.0.0.202410170706/tools/bin/../lib/gcc/arm-none-eabi/13.3.1/thumb/v7e-m+fp/hard/libgcc.a(_dvmd_tls.o)
 .ARM.attributes
                0x00000706       0x22 /opt/st/stm32cubeide_1.18.0/plugins/com.st.stm32cube.ide.mcu.externaltools.gnu-tools-for-stm32.13.3.rel1.linux64_1.0.0.202410170706/tools/bin/../lib/gcc/arm-none-eabi/13.3.1/thumb/v7e-m+fp/hard/crtn.o
OUTPUT(006_HSE_SYSCLK.elf elf32-littlearm)
LOAD linker stubs
LOAD /opt/st/stm32cubeide_1.18.0/plugins/com.st.stm32cube.ide.mcu.externaltools.gnu-tools-for-stm32.13.3.rel1.linux64_1.0.0.202410170706/tools/bin/../lib/gcc/arm-none-eabi/13.3.1/../../../../arm-none-eabi/lib/thumb/v7e-m+fp/hard/libc.a
LOAD /opt/st/stm32cubeide_1.18.0/plugins/com.st.stm32cube.ide.mcu.externaltools.gnu-tools-for-stm32.13.3.rel1.linux64_1.0.0.202410170706/tools/bin/../lib/gcc/arm-none-eabi/13.3.1/../../../../arm-none-eabi/lib/thumb/v7e-m+fp/hard/libm.a
LOAD /opt/st/stm32cubeide_1.18.0/plugins/com.st.stm32cube.ide.mcu.externaltools.gnu-tools-for-stm32.13.3.rel1.linux64_1.0.0.202410170706/tools/bin/../lib/gcc/arm-none-eabi/13.3.1/thumb/v7e-m+fp/hard/libgcc.a

.debug_info     0x00000000     0x7da1
 .debug_info    0x00000000       0xa2 ./Core/Src/it.o
 .debug_info    0x000000a2      0x8cd ./Core/Src/main.o
 .debug_info    0x0000096f      0xd71 ./Core/Src/msp.o
 .debug_info    0x000016e0      0x168 ./Core/Src/sysmem.o
 .debug_info    0x00001848      0x54a ./Core/Src/system_stm32f4xx.o
 .debug_info    0x00001d92       0x30 ./Core/Startup/startup_stm32f446retx.o
 .debug_info    0x00001dc2      0x99a ./Drivers/STM32F4xx_HAL_Driver/Src/stm32f4xx_hal.o
 .debug_info    0x0000275c      0xdaa ./Drivers/STM32F4xx_HAL_Driver/Src/stm32f4xx_hal_cortex.o
 .debug_info    0x00003506      0x70b ./Drivers/STM32F4xx_HAL_Driver/Src/stm32f4xx_hal_gpio.o
 .debug_info    0x00003c11      0x8eb ./Drivers/STM32F4xx_HAL_Driver/Src/stm32f4xx_hal_rcc.o
 .debug_info    0x000044fc      0x956 ./Drivers/STM32F4xx_HAL_Driver/Src/stm32f4xx_hal_rcc_ex.o
 .debug_info    0x00004e52     0x2f4f ./Drivers/STM32F4xx_HAL_Driver/Src/stm32f4xx_hal_uart.o

.debug_abbrev   0x00000000     0x1518
 .debug_abbrev  0x00000000       0x6b ./Core/Src/it.o
 .debug_abbrev  0x0000006b      0x21f ./Core/Src/main.o
 .debug_abbrev  0x0000028a      0x1c0 ./Core/Src/msp.o
 .debug_abbrev  0x0000044a       0xbc ./Core/Src/sysmem.o
 .debug_abbrev  0x00000506      0x11a ./Core/Src/system_stm32f4xx.o
 .debug_abbrev  0x00000620       0x24 ./Core/Startup/startup_stm32f446retx.o
 .debug_abbrev  0x00000644      0x214 ./Drivers/STM32F4xx_HAL_Driver/Src/stm32f4xx_hal.o
 .debug_abbrev  0x00000858      0x31d ./Drivers/STM32F4xx_HAL_Driver/Src/stm32f4xx_hal_cortex.o
 .debug_abbrev  0x00000b75      0x1d4 ./Drivers/STM32F4xx_HAL_Driver/Src/stm32f4xx_hal_gpio.o
 .debug_abbrev  0x00000d49      0x2b7 ./Drivers/STM32F4xx_HAL_Driver/Src/stm32f4xx_hal_rcc.o
 .debug_abbrev  0x00001000      0x20a ./Drivers/STM32F4xx_HAL_Driver/Src/stm32f4xx_hal_rcc_ex.o
 .debug_abbrev  0x0000120a      0x30e ./Drivers/STM32F4xx_HAL_Driver/Src/stm32f4xx_hal_uart.o

.debug_aranges  0x00000000      0x668
 .debug_aranges
                0x00000000       0x20 ./Core/Src/it.o
 .debug_aranges
                0x00000020       0x30 ./Core/Src/main.o
 .debug_aranges
                0x00000050       0x28 ./Core/Src/msp.o
 .debug_aranges
                0x00000078       0x20 ./Core/Src/sysmem.o
 .debug_aranges
                0x00000098       0x28 ./Core/Src/system_stm32f4xx.o
 .debug_aranges
                0x000000c0       0x28 ./Core/Startup/startup_stm32f446retx.o
 .debug_aranges
                0x000000e8       0xf0 ./Drivers/STM32F4xx_HAL_Driver/Src/stm32f4xx_hal.o
 .debug_aranges
                0x000001d8      0x130 ./Drivers/STM32F4xx_HAL_Driver/Src/stm32f4xx_hal_cortex.o
 .debug_aranges
                0x00000308       0x58 ./Drivers/STM32F4xx_HAL_Driver/Src/stm32f4xx_hal_gpio.o
 .debug_aranges
                0x00000360       0x88 ./Drivers/STM32F4xx_HAL_Driver/Src/stm32f4xx_hal_rcc.o
 .debug_aranges
                0x000003e8       0x78 ./Drivers/STM32F4xx_HAL_Driver/Src/stm32f4xx_hal_rcc_ex.o
 .debug_aranges
                0x00000460      0x208 ./Drivers/STM32F4xx_HAL_Driver/Src/stm32f4xx_hal_uart.o

.debug_rnglists
                0x00000000      0x4e1
 .debug_rnglists
                0x00000000       0x13 ./Core/Src/it.o
 .debug_rnglists
                0x00000013       0x20 ./Core/Src/main.o
 .debug_rnglists
                0x00000033       0x1a ./Core/Src/msp.o
 .debug_rnglists
                0x0000004d       0x13 ./Core/Src/sysmem.o
 .debug_rnglists
                0x00000060       0x1a ./Core/Src/system_stm32f4xx.o
 .debug_rnglists
                0x0000007a       0x19 ./Core/Startup/startup_stm32f446retx.o
 .debug_rnglists
                0x00000093       0xaf ./Drivers/STM32F4xx_HAL_Driver/Src/stm32f4xx_hal.o
 .debug_rnglists
                0x00000142       0xe0 ./Drivers/STM32F4xx_HAL_Driver/Src/stm32f4xx_hal_cortex.o
 .debug_rnglists
                0x00000222       0x3f ./Drivers/STM32F4xx_HAL_Driver/Src/stm32f4xx_hal_gpio.o
 .debug_rnglists
                0x00000261       0x66 ./Drivers/STM32F4xx_HAL_Driver/Src/stm32f4xx_hal_rcc.o
 .debug_rnglists
                0x000002c7       0x5e ./Drivers/STM32F4xx_HAL_Driver/Src/stm32f4xx_hal_rcc_ex.o
 .debug_rnglists
                0x00000325      0x1bc ./Drivers/STM32F4xx_HAL_Driver/Src/stm32f4xx_hal_uart.o

.debug_macro    0x00000000    0x213ad
 .debug_macro   0x00000000      0x2cb ./Core/Src/it.o
 .debug_macro   0x000002cb      0xad8 ./Core/Src/it.o
 .debug_macro   0x00000da3       0x22 ./Core/Src/it.o
 .debug_macro   0x00000dc5       0x5b ./Core/Src/it.o
 .debug_macro   0x00000e20       0x2a ./Core/Src/it.o
 .debug_macro   0x00000e4a       0x94 ./Core/Src/it.o
 .debug_macro   0x00000ede       0x43 ./Core/Src/it.o
 .debug_macro   0x00000f21       0x34 ./Core/Src/it.o
 .debug_macro   0x00000f55       0x16 ./Core/Src/it.o
 .debug_macro   0x00000f6b       0x57 ./Core/Src/it.o
 .debug_macro   0x00000fc2       0x9e ./Core/Src/it.o
 .debug_macro   0x00001060      0x370 ./Core/Src/it.o
 .debug_macro   0x000013d0      0x112 ./Core/Src/it.o
 .debug_macro   0x000014e2       0x10 ./Core/Src/it.o
 .debug_macro   0x000014f2       0x16 ./Core/Src/it.o
 .debug_macro   0x00001508       0x4a ./Core/Src/it.o
 .debug_macro   0x00001552       0x34 ./Core/Src/it.o
 .debug_macro   0x00001586       0x10 ./Core/Src/it.o
 .debug_macro   0x00001596       0x58 ./Core/Src/it.o
 .debug_macro   0x000015ee       0x8e ./Core/Src/it.o
 .debug_macro   0x0000167c       0x1c ./Core/Src/it.o
 .debug_macro   0x00001698      0x185 ./Core/Src/it.o
 .debug_macro   0x0000181d       0x16 ./Core/Src/it.o
 .debug_macro   0x00001833       0x16 ./Core/Src/it.o
 .debug_macro   0x00001849      0x146 ./Core/Src/it.o
 .debug_macro   0x0000198f      0x103 ./Core/Src/it.o
 .debug_macro   0x00001a92       0x6a ./Core/Src/it.o
 .debug_macro   0x00001afc      0x1df ./Core/Src/it.o
 .debug_macro   0x00001cdb       0x16 ./Core/Src/it.o
 .debug_macro   0x00001cf1       0x3c ./Core/Src/it.o
 .debug_macro   0x00001d2d       0x20 ./Core/Src/it.o
 .debug_macro   0x00001d4d      0x295 ./Core/Src/it.o
 .debug_macro   0x00001fe2       0x2e ./Core/Src/it.o
 .debug_macro   0x00002010       0x28 ./Core/Src/it.o
 .debug_macro   0x00002038       0x1c ./Core/Src/it.o
 .debug_macro   0x00002054       0x22 ./Core/Src/it.o
 .debug_macro   0x00002076       0xfb ./Core/Src/it.o
 .debug_macro   0x00002171     0x1011 ./Core/Src/it.o
 .debug_macro   0x00003182      0x11f ./Core/Src/it.o
 .debug_macro   0x000032a1    0x16749 ./Core/Src/it.o
 .debug_macro   0x000199ea       0x6d ./Core/Src/it.o
 .debug_macro   0x00019a57     0x369a ./Core/Src/it.o
 .debug_macro   0x0001d0f1       0x56 ./Core/Src/it.o
 .debug_macro   0x0001d147      0xca5 ./Core/Src/it.o
 .debug_macro   0x0001ddec      0x9e9 ./Core/Src/it.o
 .debug_macro   0x0001e7d5      0x115 ./Core/Src/it.o
 .debug_macro   0x0001e8ea      0x1a0 ./Core/Src/it.o
 .debug_macro   0x0001ea8a       0xa5 ./Core/Src/it.o
 .debug_macro   0x0001eb2f      0x16d ./Core/Src/it.o
 .debug_macro   0x0001ec9c      0x287 ./Core/Src/it.o
 .debug_macro   0x0001ef23       0x5f ./Core/Src/it.o
 .debug_macro   0x0001ef82      0x236 ./Core/Src/it.o
 .debug_macro   0x0001f1b8      0x132 ./Core/Src/it.o
 .debug_macro   0x0001f2ea      0x29c ./Core/Src/it.o
 .debug_macro   0x0001f586       0x2e ./Core/Src/it.o
 .debug_macro   0x0001f5b4      0x127 ./Core/Src/it.o
 .debug_macro   0x0001f6db       0xe8 ./Core/Src/it.o
 .debug_macro   0x0001f7c3       0x89 ./Core/Src/it.o
 .debug_macro   0x0001f84c      0x2aa ./Core/Src/it.o
 .debug_macro   0x0001faf6      0x126 ./Core/Src/it.o
 .debug_macro   0x0001fc1c       0x10 ./Core/Src/it.o
 .debug_macro   0x0001fc2c      0x2c5 ./Core/Src/main.o
 .debug_macro   0x0001fef1      0x190 ./Core/Src/main.o
 .debug_macro   0x00020081       0x10 ./Core/Src/main.o
 .debug_macro   0x00020091       0x1c ./Core/Src/main.o
 .debug_macro   0x000200ad       0x1c ./Core/Src/main.o
 .debug_macro   0x000200c9      0x1ba ./Core/Src/msp.o
 .debug_macro   0x00020283       0x8e ./Core/Src/msp.o
 .debug_macro   0x00020311       0x51 ./Core/Src/msp.o
 .debug_macro   0x00020362       0x5c ./Core/Src/msp.o
 .debug_macro   0x000203be      0x112 ./Core/Src/sysmem.o
 .debug_macro   0x000204d0      0x23c ./Core/Src/sysmem.o
 .debug_macro   0x0002070c      0x1ba ./Core/Src/system_stm32f4xx.o
 .debug_macro   0x000208c6      0x21a ./Drivers/STM32F4xx_HAL_Driver/Src/stm32f4xx_hal.o
 .debug_macro   0x00020ae0      0x1ba ./Drivers/STM32F4xx_HAL_Driver/Src/stm32f4xx_hal_cortex.o
 .debug_macro   0x00020c9a      0x1c0 ./Drivers/STM32F4xx_HAL_Driver/Src/stm32f4xx_hal_gpio.o
 .debug_macro   0x00020e5a      0x1de ./Drivers/STM32F4xx_HAL_Driver/Src/stm32f4xx_hal_rcc.o
 .debug_macro   0x00021038      0x1ba ./Drivers/STM32F4xx_HAL_Driver/Src/stm32f4xx_hal_rcc_ex.o
 .debug_macro   0x000211f2      0x1bb ./Drivers/STM32F4xx_HAL_Driver/Src/stm32f4xx_hal_uart.o

.debug_line     0x00000000     0x87bc
 .debug_line    0x00000000      0x7a5 ./Core/Src/it.o
 .debug_line    0x000007a5      0x877 ./Core/Src/main.o
 .debug_line    0x0000101c      0x663 ./Core/Src/msp.o
 .debug_line    0x0000167f      0x4bd ./Core/Src/sysmem.o
 .debug_line    0x00001b3c      0x6c6 ./Core/Src/system_stm32f4xx.o
 .debug_line    0x00002202       0x7a ./Core/Startup/startup_stm32f446retx.o
 .debug_line    0x0000227c      0x933 ./Drivers/STM32F4xx_HAL_Driver/Src/stm32f4xx_hal.o
 .debug_line    0x00002baf      0xc07 ./Drivers/STM32F4xx_HAL_Driver/Src/stm32f4xx_hal_cortex.o
 .debug_line    0x000037b6      0xa77 ./Drivers/STM32F4xx_HAL_Driver/Src/stm32f4xx_hal_gpio.o
 .debug_line    0x0000422d      0xd4e ./Drivers/STM32F4xx_HAL_Driver/Src/stm32f4xx_hal_rcc.o
 .debug_line    0x00004f7b     0x13ff ./Drivers/STM32F4xx_HAL_Driver/Src/stm32f4xx_hal_rcc_ex.o
 .debug_line    0x0000637a     0x2442 ./Drivers/STM32F4xx_HAL_Driver/Src/stm32f4xx_hal_uart.o

.debug_str      0x00000000    0xc8327
 .debug_str     0x00000000    0xc8327 ./Core/Src/it.o
                              0xc5bdb (size before relaxing)
 .debug_str     0x000c8327    0xc628b ./Core/Src/main.o
 .debug_str     0x000c8327    0xc2f85 ./Core/Src/msp.o
 .debug_str     0x000c8327     0x7789 ./Core/Src/sysmem.o
 .debug_str     0x000c8327    0xc2585 ./Core/Src/system_stm32f4xx.o
 .debug_str     0x000c8327       0x8b ./Core/Startup/startup_stm32f446retx.o
 .debug_str     0x000c8327    0xc314a ./Drivers/STM32F4xx_HAL_Driver/Src/stm32f4xx_hal.o
 .debug_str     0x000c8327    0xc2ea1 ./Drivers/STM32F4xx_HAL_Driver/Src/stm32f4xx_hal_cortex.o
 .debug_str     0x000c8327    0xc2700 ./Drivers/STM32F4xx_HAL_Driver/Src/stm32f4xx_hal_gpio.o
 .debug_str     0x000c8327    0xc29be ./Drivers/STM32F4xx_HAL_Driver/Src/stm32f4xx_hal_rcc.o
 .debug_str     0x000c8327    0xc29f1 ./Drivers/STM32F4xx_HAL_Driver/Src/stm32f4xx_hal_rcc_ex.o
 .debug_str     0x000c8327    0xc2f75 ./Drivers/STM32F4xx_HAL_Driver/Src/stm32f4xx_hal_uart.o

.comment        0x00000000       0x43
 .comment       0x00000000       0x43 ./Core/Src/it.o
                                 0x44 (size before relaxing)
 .comment       0x00000043       0x44 ./Core/Src/main.o
 .comment       0x00000043       0x44 ./Core/Src/msp.o
 .comment       0x00000043       0x44 ./Core/Src/sysmem.o
 .comment       0x00000043       0x44 ./Core/Src/system_stm32f4xx.o
 .comment       0x00000043       0x44 ./Drivers/STM32F4xx_HAL_Driver/Src/stm32f4xx_hal.o
 .comment       0x00000043       0x44 ./Drivers/STM32F4xx_HAL_Driver/Src/stm32f4xx_hal_cortex.o
 .comment       0x00000043       0x44 ./Drivers/STM32F4xx_HAL_Driver/Src/stm32f4xx_hal_gpio.o
 .comment       0x00000043       0x44 ./Drivers/STM32F4xx_HAL_Driver/Src/stm32f4xx_hal_rcc.o
 .comment       0x00000043       0x44 ./Drivers/STM32F4xx_HAL_Driver/Src/stm32f4xx_hal_rcc_ex.o
 .comment       0x00000043       0x44 ./Drivers/STM32F4xx_HAL_Driver/Src/stm32f4xx_hal_uart.o

.debug_frame    0x00000000     0x1e50
 .debug_frame   0x00000000       0x2c ./Core/Src/it.o
 .debug_frame   0x0000002c       0x64 ./Core/Src/main.o
 .debug_frame   0x00000090       0x50 ./Core/Src/msp.o
 .debug_frame   0x000000e0       0x34 ./Core/Src/sysmem.o
 .debug_frame   0x00000114       0x58 ./Core/Src/system_stm32f4xx.o
 .debug_frame   0x0000016c      0x374 ./Drivers/STM32F4xx_HAL_Driver/Src/stm32f4xx_hal.o
 .debug_frame   0x000004e0      0x508 ./Drivers/STM32F4xx_HAL_Driver/Src/stm32f4xx_hal_cortex.o
 .debug_frame   0x000009e8      0x14c ./Drivers/STM32F4xx_HAL_Driver/Src/stm32f4xx_hal_gpio.o
 .debug_frame   0x00000b34      0x1f4 ./Drivers/STM32F4xx_HAL_Driver/Src/stm32f4xx_hal_rcc.o
 .debug_frame   0x00000d28      0x1e8 ./Drivers/STM32F4xx_HAL_Driver/Src/stm32f4xx_hal_rcc_ex.o
 .debug_frame   0x00000f10      0x954 ./Drivers/STM32F4xx_HAL_Driver/Src/stm32f4xx_hal_uart.o
 .debug_frame   0x00001864      0x144 /opt/st/stm32cubeide_1.18.0/plugins/com.st.stm32cube.ide.mcu.externaltools.gnu-tools-for-stm32.13.3.rel1.linux64_1.0.0.202410170706/tools/bin/../lib/gcc/arm-none-eabi/13.3.1/../../../../arm-none-eabi/lib/thumb/v7e-m+fp/hard/libc_nano.a(libc_a-findfp.o)
 .debug_frame   0x000019a8       0x74 /opt/st/stm32cubeide_1.18.0/plugins/com.st.stm32cube.ide.mcu.externaltools.gnu-tools-for-stm32.13.3.rel1.linux64_1.0.0.202410170706/tools/bin/../lib/gcc/arm-none-eabi/13.3.1/../../../../arm-none-eabi/lib/thumb/v7e-m+fp/hard/libc_nano.a(libc_a-sprintf.o)
 .debug_frame   0x00001a1c       0x20 /opt/st/stm32cubeide_1.18.0/plugins/com.st.stm32cube.ide.mcu.externaltools.gnu-tools-for-stm32.13.3.rel1.linux64_1.0.0.202410170706/tools/bin/../lib/gcc/arm-none-eabi/13.3.1/../../../../arm-none-eabi/lib/thumb/v7e-m+fp/hard/libc_nano.a(libc_a-memset.o)
 .debug_frame   0x00001a3c       0x38 /opt/st/stm32cubeide_1.18.0/plugins/com.st.stm32cube.ide.mcu.externaltools.gnu-tools-for-stm32.13.3.rel1.linux64_1.0.0.202410170706/tools/bin/../lib/gcc/arm-none-eabi/13.3.1/../../../../arm-none-eabi/lib/thumb/v7e-m+fp/hard/libc_nano.a(libc_a-reent.o)
 .debug_frame   0x00001a74       0x20 /opt/st/stm32cubeide_1.18.0/plugins/com.st.stm32cube.ide.mcu.externaltools.gnu-tools-for-stm32.13.3.rel1.linux64_1.0.0.202410170706/tools/bin/../lib/gcc/arm-none-eabi/13.3.1/../../../../arm-none-eabi/lib/thumb/v7e-m+fp/hard/libc_nano.a(libc_a-errno.o)
 .debug_frame   0x00001a94       0x2c /opt/st/stm32cubeide_1.18.0/plugins/com.st.stm32cube.ide.mcu.externaltools.gnu-tools-for-stm32.13.3.rel1.linux64_1.0.0.202410170706/tools/bin/../lib/gcc/arm-none-eabi/13.3.1/../../../../arm-none-eabi/lib/thumb/v7e-m+fp/hard/libc_nano.a(libc_a-init.o)
 .debug_frame   0x00001ac0       0xb0 /opt/st/stm32cubeide_1.18.0/plugins/com.st.stm32cube.ide.mcu.externaltools.gnu-tools-for-stm32.13.3.rel1.linux64_1.0.0.202410170706/tools/bin/../lib/gcc/arm-none-eabi/13.3.1/../../../../arm-none-eabi/lib/thumb/v7e-m+fp/hard/libc_nano.a(libc_a-lock.o)
 .debug_frame   0x00001b70       0x38 /opt/st/stm32cubeide_1.18.0/plugins/com.st.stm32cube.ide.mcu.externaltools.gnu-tools-for-stm32.13.3.rel1.linux64_1.0.0.202410170706/tools/bin/../lib/gcc/arm-none-eabi/13.3.1/../../../../arm-none-eabi/lib/thumb/v7e-m+fp/hard/libc_nano.a(libc_a-freer.o)
 .debug_frame   0x00001ba8       0x50 /opt/st/stm32cubeide_1.18.0/plugins/com.st.stm32cube.ide.mcu.externaltools.gnu-tools-for-stm32.13.3.rel1.linux64_1.0.0.202410170706/tools/bin/../lib/gcc/arm-none-eabi/13.3.1/../../../../arm-none-eabi/lib/thumb/v7e-m+fp/hard/libc_nano.a(libc_a-mallocr.o)
 .debug_frame   0x00001bf8       0x30 /opt/st/stm32cubeide_1.18.0/plugins/com.st.stm32cube.ide.mcu.externaltools.gnu-tools-for-stm32.13.3.rel1.linux64_1.0.0.202410170706/tools/bin/../lib/gcc/arm-none-eabi/13.3.1/../../../../arm-none-eabi/lib/thumb/v7e-m+fp/hard/libc_nano.a(libc_a-mlock.o)
 .debug_frame   0x00001c28       0x90 /opt/st/stm32cubeide_1.18.0/plugins/com.st.stm32cube.ide.mcu.externaltools.gnu-tools-for-stm32.13.3.rel1.linux64_1.0.0.202410170706/tools/bin/../lib/gcc/arm-none-eabi/13.3.1/../../../../arm-none-eabi/lib/thumb/v7e-m+fp/hard/libc_nano.a(libc_a-nano-svfprintf.o)
 .debug_frame   0x00001cb8       0x60 /opt/st/stm32cubeide_1.18.0/plugins/com.st.stm32cube.ide.mcu.externaltools.gnu-tools-for-stm32.13.3.rel1.linux64_1.0.0.202410170706/tools/bin/../lib/gcc/arm-none-eabi/13.3.1/../../../../arm-none-eabi/lib/thumb/v7e-m+fp/hard/libc_nano.a(libc_a-nano-vfprintf_i.o)
 .debug_frame   0x00001d18       0x28 /opt/st/stm32cubeide_1.18.0/plugins/com.st.stm32cube.ide.mcu.externaltools.gnu-tools-for-stm32.13.3.rel1.linux64_1.0.0.202410170706/tools/bin/../lib/gcc/arm-none-eabi/13.3.1/../../../../arm-none-eabi/lib/thumb/v7e-m+fp/hard/libc_nano.a(libc_a-memmove.o)
 .debug_frame   0x00001d40       0x2c /opt/st/stm32cubeide_1.18.0/plugins/com.st.stm32cube.ide.mcu.externaltools.gnu-tools-for-stm32.13.3.rel1.linux64_1.0.0.202410170706/tools/bin/../lib/gcc/arm-none-eabi/13.3.1/../../../../arm-none-eabi/lib/thumb/v7e-m+fp/hard/libc_nano.a(libc_a-sbrkr.o)
 .debug_frame   0x00001d6c       0x28 /opt/st/stm32cubeide_1.18.0/plugins/com.st.stm32cube.ide.mcu.externaltools.gnu-tools-for-stm32.13.3.rel1.linux64_1.0.0.202410170706/tools/bin/../lib/gcc/arm-none-eabi/13.3.1/../../../../arm-none-eabi/lib/thumb/v7e-m+fp/hard/libc_nano.a(libc_a-memcpy-stub.o)
 .debug_frame   0x00001d94       0x3c /opt/st/stm32cubeide_1.18.0/plugins/com.st.stm32cube.ide.mcu.externaltools.gnu-tools-for-stm32.13.3.rel1.linux64_1.0.0.202410170706/tools/bin/../lib/gcc/arm-none-eabi/13.3.1/../../../../arm-none-eabi/lib/thumb/v7e-m+fp/hard/libc_nano.a(libc_a-reallocr.o)
 .debug_frame   0x00001dd0       0x20 /opt/st/stm32cubeide_1.18.0/plugins/com.st.stm32cube.ide.mcu.externaltools.gnu-tools-for-stm32.13.3.rel1.linux64_1.0.0.202410170706/tools/bin/../lib/gcc/arm-none-eabi/13.3.1/../../../../arm-none-eabi/lib/thumb/v7e-m+fp/hard/libc_nano.a(libc_a-msizer.o)
 .debug_frame   0x00001df0       0x2c /opt/st/stm32cubeide_1.18.0/plugins/com.st.stm32cube.ide.mcu.externaltools.gnu-tools-for-stm32.13.3.rel1.linux64_1.0.0.202410170706/tools/bin/../lib/gcc/arm-none-eabi/13.3.1/thumb/v7e-m+fp/hard/libgcc.a(_aeabi_uldivmod.o)
 .debug_frame   0x00001e1c       0x34 /opt/st/stm32cubeide_1.18.0/plugins/com.st.stm32cube.ide.mcu.externaltools.gnu-tools-for-stm32.13.3.rel1.linux64_1.0.0.202410170706/tools/bin/../lib/gcc/arm-none-eabi/13.3.1/thumb/v7e-m+fp/hard/libgcc.a(_udivmoddi4.o)

.debug_line_str
                0x00000000       0x6f
 .debug_line_str
                0x00000000       0x6f ./Core/Startup/startup_stm32f446retx.o
