13:47:51 **** Incremental Build of configuration Debug for project 002LED_ON ****
make -j4 all 
arm-none-eabi-gcc "../Src/main.c" -mcpu=cortex-m4 -std=gnu11 -g3 -DDEBUG -DSTM32 -DSTM32F4 -DSTM32F446RETx -DNUCLEO_F446RE -c -I../Inc -O0 -ffunction-sections -fdata-sections -Wall -fstack-usage -fcyclomatic-complexity -MMD -MP -MF"Src/main.d" -MT"Src/main.o" --specs=nano.specs -mfpu=fpv4-sp-d16 -mfloat-abi=hard -mthumb -o "Src/main.o"
arm-none-eabi-gcc -o "002LED_ON.elf" @"objects.list"   -mcpu=cortex-m4 -T"/home/lenovo/Documents/embedded-c-practice/new_drivers/002LED_ON/STM32F446RETX_FLASH.ld" --specs=nosys.specs -Wl,-Map="002LED_ON.map" -Wl,--gc-sections -static --specs=nano.specs -mfpu=fpv4-sp-d16 -mfloat-abi=hard -mthumb -Wl,--start-group -lc -lm -Wl,--end-group
Finished building target: 002LED_ON.elf
 
arm-none-eabi-size  002LED_ON.elf 
arm-none-eabi-objdump -h -S 002LED_ON.elf  > "002LED_ON.list"
   text	   data	    bss	    dec	    hex	filename
   5328	     92	   1908	   7328	   1ca0	002LED_ON.elf
Finished building: default.size.stdout
 
Finished building: 002LED_ON.list
 

13:47:51 Build Finished. 0 errors, 0 warnings. (took 255ms)

