11:37:21 **** Build of configuration Debug for project 004_LED_blink ****
make -j4 all 
arm-none-eabi-gcc -mcpu=cortex-m4 -g3 -DDEBUG -c -x assembler-with-cpp -MMD -MP -MF"Startup/startup_stm32f446retx.d" -MT"Startup/startup_stm32f446retx.o" --specs=nano.specs -mfpu=fpv4-sp-d16 -mfloat-abi=hard -mthumb -o "Startup/startup_stm32f446retx.o" "../Startup/startup_stm32f446retx.s"
arm-none-eabi-gcc "../Src/main.c" -mcpu=cortex-m4 -std=gnu11 -g3 -DDEBUG -DSTM32 -DSTM32F4 -DSTM32F446RETx -DNUCLEO_F446RE -c -I../Inc -O0 -ffunction-sections -fdata-sections -Wall -fstack-usage -fcyclomatic-complexity -MMD -MP -MF"Src/main.d" -MT"Src/main.o" --specs=nano.specs -mfpu=fpv4-sp-d16 -mfloat-abi=hard -mthumb -o "Src/main.o"
arm-none-eabi-gcc "../Src/syscalls.c" -mcpu=cortex-m4 -std=gnu11 -g3 -DDEBUG -DSTM32 -DSTM32F4 -DSTM32F446RETx -DNUCLEO_F446RE -c -I../Inc -O0 -ffunction-sections -fdata-sections -Wall -fstack-usage -fcyclomatic-complexity -MMD -MP -MF"Src/syscalls.d" -MT"Src/syscalls.o" --specs=nano.specs -mfpu=fpv4-sp-d16 -mfloat-abi=hard -mthumb -o "Src/syscalls.o"
arm-none-eabi-gcc "../Src/sysmem.c" -mcpu=cortex-m4 -std=gnu11 -g3 -DDEBUG -DSTM32 -DSTM32F4 -DSTM32F446RETx -DNUCLEO_F446RE -c -I../Inc -O0 -ffunction-sections -fdata-sections -Wall -fstack-usage -fcyclomatic-complexity -MMD -MP -MF"Src/sysmem.d" -MT"Src/sysmem.o" --specs=nano.specs -mfpu=fpv4-sp-d16 -mfloat-abi=hard -mthumb -o "Src/sysmem.o"
arm-none-eabi-gcc -o "004_LED_blink.elf" @"objects.list"   -mcpu=cortex-m4 -T"/home/lenovo/Documents/embedded-c-practice/new_drivers/004_LED_blink/STM32F446RETX_FLASH.ld" --specs=nosys.specs -Wl,-Map="004_LED_blink.map" -Wl,--gc-sections -static --specs=nano.specs -mfpu=fpv4-sp-d16 -mfloat-abi=hard -mthumb -Wl,--start-group -lc -lm -Wl,--end-group
Finished building target: 004_LED_blink.elf
 
arm-none-eabi-size  004_LED_blink.elf 
arm-none-eabi-objdump -h -S 004_LED_blink.elf  > "004_LED_blink.list"
   text	   data	    bss	    dec	    hex	filename
   3596	     92	   1900	   5588	   15d4	004_LED_blink.elf
Finished building: default.size.stdout
 
Finished building: 004_LED_blink.list
 
11:37:53 **** Incremental Build of configuration Debug for project 004_LED_blink ****
make -j4 all 
arm-none-eabi-size  004_LED_blink.elf 
   text	   data	    bss	    dec	    hex	filename
   3596	     92	   1900	   5588	   15d4	004_LED_blink.elf
Finished building: default.size.stdout
 
