Archive member included to satisfy reference by file (symbol)

/opt/st/stm32cubeide_1.18.0/plugins/com.st.stm32cube.ide.mcu.externaltools.gnu-tools-for-stm32.13.3.rel1.linux64_1.0.0.202410170706/tools/bin/../lib/gcc/arm-none-eabi/13.3.1/../../../../arm-none-eabi/lib/thumb/v7e-m+fp/hard/libc_nano.a(libc_a-exit.o)
                              /opt/st/stm32cubeide_1.18.0/plugins/com.st.stm32cube.ide.mcu.externaltools.gnu-tools-for-stm32.13.3.rel1.linux64_1.0.0.202410170706/tools/bin/../lib/gcc/arm-none-eabi/13.3.1/../../../../arm-none-eabi/lib/thumb/v7e-m+fp/hard/crt0.o (exit)
/opt/st/stm32cubeide_1.18.0/plugins/com.st.stm32cube.ide.mcu.externaltools.gnu-tools-for-stm32.13.3.rel1.linux64_1.0.0.202410170706/tools/bin/../lib/gcc/arm-none-eabi/13.3.1/../../../../arm-none-eabi/lib/thumb/v7e-m+fp/hard/libc_nano.a(libc_a-findfp.o)
                              /opt/st/stm32cubeide_1.18.0/plugins/com.st.stm32cube.ide.mcu.externaltools.gnu-tools-for-stm32.13.3.rel1.linux64_1.0.0.202410170706/tools/bin/../lib/gcc/arm-none-eabi/13.3.1/../../../../arm-none-eabi/lib/thumb/v7e-m+fp/hard/libc_nano.a(libc_a-exit.o) (__stdio_exit_handler)
/opt/st/stm32cubeide_1.18.0/plugins/com.st.stm32cube.ide.mcu.externaltools.gnu-tools-for-stm32.13.3.rel1.linux64_1.0.0.202410170706/tools/bin/../lib/gcc/arm-none-eabi/13.3.1/../../../../arm-none-eabi/lib/thumb/v7e-m+fp/hard/libc_nano.a(libc_a-fwalk.o)
                              /opt/st/stm32cubeide_1.18.0/plugins/com.st.stm32cube.ide.mcu.externaltools.gnu-tools-for-stm32.13.3.rel1.linux64_1.0.0.202410170706/tools/bin/../lib/gcc/arm-none-eabi/13.3.1/../../../../arm-none-eabi/lib/thumb/v7e-m+fp/hard/libc_nano.a(libc_a-findfp.o) (_fwalk_sglue)
/opt/st/stm32cubeide_1.18.0/plugins/com.st.stm32cube.ide.mcu.externaltools.gnu-tools-for-stm32.13.3.rel1.linux64_1.0.0.202410170706/tools/bin/../lib/gcc/arm-none-eabi/13.3.1/../../../../arm-none-eabi/lib/thumb/v7e-m+fp/hard/libc_nano.a(libc_a-stdio.o)
                              /opt/st/stm32cubeide_1.18.0/plugins/com.st.stm32cube.ide.mcu.externaltools.gnu-tools-for-stm32.13.3.rel1.linux64_1.0.0.202410170706/tools/bin/../lib/gcc/arm-none-eabi/13.3.1/../../../../arm-none-eabi/lib/thumb/v7e-m+fp/hard/libc_nano.a(libc_a-findfp.o) (__sread)
/opt/st/stm32cubeide_1.18.0/plugins/com.st.stm32cube.ide.mcu.externaltools.gnu-tools-for-stm32.13.3.rel1.linux64_1.0.0.202410170706/tools/bin/../lib/gcc/arm-none-eabi/13.3.1/../../../../arm-none-eabi/lib/thumb/v7e-m+fp/hard/libc_nano.a(libc_a-memset.o)
                              /opt/st/stm32cubeide_1.18.0/plugins/com.st.stm32cube.ide.mcu.externaltools.gnu-tools-for-stm32.13.3.rel1.linux64_1.0.0.202410170706/tools/bin/../lib/gcc/arm-none-eabi/13.3.1/../../../../arm-none-eabi/lib/thumb/v7e-m+fp/hard/crt0.o (memset)
/opt/st/stm32cubeide_1.18.0/plugins/com.st.stm32cube.ide.mcu.externaltools.gnu-tools-for-stm32.13.3.rel1.linux64_1.0.0.202410170706/tools/bin/../lib/gcc/arm-none-eabi/13.3.1/../../../../arm-none-eabi/lib/thumb/v7e-m+fp/hard/libc_nano.a(libc_a-closer.o)
                              /opt/st/stm32cubeide_1.18.0/plugins/com.st.stm32cube.ide.mcu.externaltools.gnu-tools-for-stm32.13.3.rel1.linux64_1.0.0.202410170706/tools/bin/../lib/gcc/arm-none-eabi/13.3.1/../../../../arm-none-eabi/lib/thumb/v7e-m+fp/hard/libc_nano.a(libc_a-stdio.o) (_close_r)
/opt/st/stm32cubeide_1.18.0/plugins/com.st.stm32cube.ide.mcu.externaltools.gnu-tools-for-stm32.13.3.rel1.linux64_1.0.0.202410170706/tools/bin/../lib/gcc/arm-none-eabi/13.3.1/../../../../arm-none-eabi/lib/thumb/v7e-m+fp/hard/libc_nano.a(libc_a-reent.o)
                              /opt/st/stm32cubeide_1.18.0/plugins/com.st.stm32cube.ide.mcu.externaltools.gnu-tools-for-stm32.13.3.rel1.linux64_1.0.0.202410170706/tools/bin/../lib/gcc/arm-none-eabi/13.3.1/../../../../arm-none-eabi/lib/thumb/v7e-m+fp/hard/libc_nano.a(libc_a-closer.o) (errno)
/opt/st/stm32cubeide_1.18.0/plugins/com.st.stm32cube.ide.mcu.externaltools.gnu-tools-for-stm32.13.3.rel1.linux64_1.0.0.202410170706/tools/bin/../lib/gcc/arm-none-eabi/13.3.1/../../../../arm-none-eabi/lib/thumb/v7e-m+fp/hard/libc_nano.a(libc_a-impure.o)
                              /opt/st/stm32cubeide_1.18.0/plugins/com.st.stm32cube.ide.mcu.externaltools.gnu-tools-for-stm32.13.3.rel1.linux64_1.0.0.202410170706/tools/bin/../lib/gcc/arm-none-eabi/13.3.1/../../../../arm-none-eabi/lib/thumb/v7e-m+fp/hard/libc_nano.a(libc_a-reent.o) (_impure_ptr)
/opt/st/stm32cubeide_1.18.0/plugins/com.st.stm32cube.ide.mcu.externaltools.gnu-tools-for-stm32.13.3.rel1.linux64_1.0.0.202410170706/tools/bin/../lib/gcc/arm-none-eabi/13.3.1/../../../../arm-none-eabi/lib/thumb/v7e-m+fp/hard/libc_nano.a(libc_a-lseekr.o)
                              /opt/st/stm32cubeide_1.18.0/plugins/com.st.stm32cube.ide.mcu.externaltools.gnu-tools-for-stm32.13.3.rel1.linux64_1.0.0.202410170706/tools/bin/../lib/gcc/arm-none-eabi/13.3.1/../../../../arm-none-eabi/lib/thumb/v7e-m+fp/hard/libc_nano.a(libc_a-stdio.o) (_lseek_r)
[...]
Memory Configuration

Name             Origin             Length             Attributes
RAM              0x20000000         0x00020000         xrw
FLASH            0x08000000         0x00080000         xr
*default*        0x00000000         0xffffffff

Linker script and memory map

LOAD /opt/st/stm32cubeide_1.18.0/plugins/com.st.stm32cube.ide.mcu.externaltools.gnu-tools-for-stm32.13.3.rel1.linux64_1.0.0.202410170706/tools/bin/../lib/gcc/arm-none-eabi/13.3.1/thumb/v7e-m+fp/hard/crti.o
LOAD /opt/st/stm32cubeide_1.18.0/plugins/com.st.stm32cube.ide.mcu.externaltools.gnu-tools-for-stm32.13.3.rel1.linux64_1.0.0.202410170706/tools/bin/../lib/gcc/arm-none-eabi/13.3.1/thumb/v7e-m+fp/hard/crtbegin.o
LOAD /opt/st/stm32cubeide_1.18.0/plugins/com.st.stm32cube.ide.mcu.externaltools.gnu-tools-for-stm32.13.3.rel1.linux64_1.0.0.202410170706/tools/bin/../lib/gcc/arm-none-eabi/13.3.1/../../../../arm-none-eabi/lib/thumb/v7e-m+fp/hard/crt0.o
LOAD ./Core/Src/it.o
LOAD ./Core/Src/main.o
LOAD ./Core/Src/msp.o
LOAD ./Core/Src/syscalls.o
LOAD ./Core/Src/sysmem.o
LOAD ./Core/Src/system_stm32f4xx.o
LOAD ./Core/Startup/startup_stm32f446retx.o
LOAD ./Drivers/STM32F4xx_HAL_Driver/Src/stm32f4xx_hal.o
LOAD ./Drivers/STM32F4xx_HAL_Driver/Src/stm32f4xx_hal_cortex.o
LOAD ./Drivers/STM32F4xx_HAL_Driver/Src/stm32f4xx_hal_dma.o
LOAD ./Drivers/STM32F4xx_HAL_Driver/Src/stm32f4xx_hal_dma_ex.o
LOAD ./Drivers/STM32F4xx_HAL_Driver/Src/stm32f4xx_hal_exti.o
LOAD ./Drivers/STM32F4xx_HAL_Driver/Src/stm32f4xx_hal_flash.o
LOAD ./Drivers/STM32F4xx_HAL_Driver/Src/stm32f4xx_hal_flash_ex.o
LOAD ./Drivers/STM32F4xx_HAL_Driver/Src/stm32f4xx_hal_flash_ramfunc.o
LOAD ./Drivers/STM32F4xx_HAL_Driver/Src/stm32f4xx_hal_gpio.o
LOAD ./Drivers/STM32F4xx_HAL_Driver/Src/stm32f4xx_hal_pwr.o
LOAD ./Drivers/STM32F4xx_HAL_Driver/Src/stm32f4xx_hal_pwr_ex.o
LOAD ./Drivers/STM32F4xx_HAL_Driver/Src/stm32f4xx_hal_rcc.o
LOAD ./Drivers/STM32F4xx_HAL_Driver/Src/stm32f4xx_hal_rcc_ex.o
LOAD ./Drivers/STM32F4xx_HAL_Driver/Src/stm32f4xx_hal_tim.o
LOAD ./Drivers/STM32F4xx_HAL_Driver/Src/stm32f4xx_hal_tim_ex.o
START GROUP
LOAD /opt/st/stm32cubeide_1.18.0/plugins/com.st.stm32cube.ide.mcu.externaltools.gnu-tools-for-stm32.13.3.rel1.linux64_1.0.0.202410170706/tools/bin/../lib/gcc/arm-none-eabi/13.3.1/../../../../arm-none-eabi/lib/thumb/v7e-m+fp/hard/libc_nano.a
LOAD /opt/st/stm32cubeide_1.18.0/plugins/com.st.stm32cube.ide.mcu.externaltools.gnu-tools-for-stm32.13.3.rel1.linux64_1.0.0.202410170706/tools/bin/../lib/gcc/arm-none-eabi/13.3.1/../../../../arm-none-eabi/lib/thumb/v7e-m+fp/hard/libm.a
END GROUP
START GROUP
LOAD /opt/st/stm32cubeide_1.18.0/plugins/com.st.stm32cube.ide.mcu.externaltools.gnu-tools-for-stm32.13.3.rel1.linux64_1.0.0.202410170706/tools/bin/../lib/gcc/arm-none-eabi/13.3.1/thumb/v7e-m+fp/hard/libgcc.a
LOAD /opt/st/stm32cubeide_1.18.0/plugins/com.st.stm32cube.ide.mcu.externaltools.gnu-tools-for-stm32.13.3.rel1.linux64_1.0.0.202410170706/tools/bin/../lib/gcc/arm-none-eabi/13.3.1/../../../../arm-none-eabi/lib/thumb/v7e-m+fp/hard/libc_nano.a
END GROUP
START GROUP
LOAD /opt/st/stm32cubeide_1.18.0/plugins/com.st.stm32cube.ide.mcu.externaltools.gnu-tools-for-stm32.13.3.rel1.linux64_1.0.0.202410170706/tools/bin/../lib/gcc/arm-none-eabi/13.3.1/thumb/v7e-m+fp/hard/libgcc.a
LOAD /opt/st/stm32cubeide_1.18.0/plugins/com.st.stm32cube.ide.mcu.externaltools.gnu-tools-for-stm32.13.3.rel1.linux64_1.0.0.202410170706/tools/bin/../lib/gcc/arm-none-eabi/13.3.1/../../../../arm-none-eabi/lib/thumb/v7e-m+fp/hard/libc_nano.a
LOAD /opt/st/stm32cubeide_1.18.0/plugins/com.st.stm32cube.ide.mcu.externaltools.gnu-tools-for-stm32.13.3.rel1.linux64_1.0.0.202410170706/tools/bin/../lib/gcc/arm-none-eabi/13.3.1/../../../../arm-none-eabi/lib/thumb/v7e-m+fp/hard/libnosys.a
END GROUP
START GROUP
LOAD /opt/st/stm32cubeide_1.18.0/plugins/com.st.stm32cube.ide.mcu.externaltools.gnu-tools-for-stm32.13.3.rel1.linux64_1.0.0.202410170706/tools/bin/../lib/gcc/arm-none-eabi/13.3.1/thumb/v7e-m+fp/hard/libgcc.a
LOAD /opt/st/stm32cubeide_1.18.0/plugins/com.st.stm32cube.ide.mcu.externaltools.gnu-tools-for-stm32.13.3.rel1.linux64_1.0.0.202410170706/tools/bin/../lib/gcc/arm-none-eabi/13.3.1/../../../../arm-none-eabi/lib/thumb/v7e-m+fp/hard/libc_nano.a
LOAD /opt/st/stm32cubeide_1.18.0/plugins/com.st.stm32cube.ide.mcu.externaltools.gnu-tools-for-stm32.13.3.rel1.linux64_1.0.0.202410170706/tools/bin/../lib/gcc/arm-none-eabi/13.3.1/../../../../arm-none-eabi/lib/thumb/v7e-m+fp/hard/libnosys.a
END GROUP
LOAD /opt/st/stm32cubeide_1.18.0/plugins/com.st.stm32cube.ide.mcu.externaltools.gnu-tools-for-stm32.13.3.rel1.linux64_1.0.0.202410170706/tools/bin/../lib/gcc/arm-none-eabi/13.3.1/thumb/v7e-m+fp/hard/crtend.o
LOAD /opt/st/stm32cubeide_1.18.0/plugins/com.st.stm32cube.ide.mcu.externaltools.gnu-tools-for-stm32.13.3.rel1.linux64_1.0.0.202410170706/tools/bin/../lib/gcc/arm-none-eabi/13.3.1/thumb/v7e-m+fp/hard/crtn.o
                0x20020000                        _estack = (ORIGIN (RAM) + LENGTH (RAM))
                0x00000200                        _Min_Heap_Size = 0x200
                0x00000400                        _Min_Stack_Size = 0x400

.isr_vector     0x08000000      0x1c4
                0x08000000                        . = ALIGN (0x4)
 *(.isr_vector)
 .isr_vector    0x08000000      0x1c4 ./Core/Startup/startup_stm32f446retx.o
                0x08000000                g_pfnVectors
                0x080001c4                        . = ALIGN (0x4)

.text           0x080001c4      0xe10
                0x080001c4                        . = ALIGN (0x4)
 *(.text)
 .text          0x080001c4       0x40 /opt/st/stm32cubeide_1.18.0/plugins/com.st.stm32cube.ide.mcu.externaltools.gnu-tools-for-stm32.13.3.rel1.linux64_1.0.0.202410170706/tools/bin/../lib/gcc/arm-none-eabi/13.3.1/thumb/v7e-m+fp/hard/crtbegin.o
 *(.text*)
 .text.SysTick_Handler
                0x08000204       0x10 ./Core/Src/it.o
                0x08000204                SysTick_Handler
 .text.TIM6_DAC_IRQHandler
                0x08000214       0x14 ./Core/Src/it.o
                0x08000214                TIM6_DAC_IRQHandler
 .text.main     0x08000228       0x20 ./Core/Src/main.o
                0x08000228                main
 .text.GPIO_Init
                0x08000248       0x48 ./Core/Src/main.o
                0x08000248                GPIO_Init
 .text.Timer6_Init
                0x08000290       0x30 ./Core/Src/main.o
                0x08000290                Timer6_Init
 .text.HAL_TIM_PeriodElapsedCallback
                0x080002c0       0x1c ./Core/Src/main.o
                0x080002c0                HAL_TIM_PeriodElapsedCallback
 .text.Error_handler
                0x080002dc        0x8 ./Core/Src/main.o
                0x080002dc                Error_handler
 .text.HAL_MspInit
                0x080002e4       0x44 ./Core/Src/msp.o
                0x080002e4                HAL_MspInit
 .text.HAL_TIM_Base_MspInit
                0x08000328       0x40 ./Core/Src/msp.o
                0x08000328                HAL_TIM_Base_MspInit
 .text.SystemInit
                0x08000368       0x24 ./Core/Src/system_stm32f4xx.o
                0x08000368                SystemInit
 .text.Reset_Handler
                0x0800038c       0x50 ./Core/Startup/startup_stm32f446retx.o
                0x0800038c                Reset_Handler
 .text.Default_Handler
                0x080003dc        0x2 ./Core/Startup/startup_stm32f446retx.o
                0x080003dc                RTC_Alarm_IRQHandler
                0x080003dc                EXTI2_IRQHandler
                0x080003dc                TIM8_CC_IRQHandler
                0x080003dc                DebugMon_Handler
                0x080003dc                FMPI2C1_EV_IRQHandler
                0x080003dc                SPI4_IRQHandler
                0x080003dc                TIM1_CC_IRQHandler
                0x080003dc                DMA2_Stream5_IRQHandler
                0x080003dc                HardFault_Handler
                0x080003dc                DMA1_Stream5_IRQHandler
                0x080003dc                PVD_IRQHandler
                0x080003dc                SDIO_IRQHandler
                0x080003dc                TAMP_STAMP_IRQHandler
                0x080003dc                PendSV_Handler
                0x080003dc                NMI_Handler
                0x080003dc                CAN2_RX1_IRQHandler
                0x080003dc                EXTI3_IRQHandler
                0x080003dc                TIM8_TRG_COM_TIM14_IRQHandler
                0x080003dc                TIM1_UP_TIM10_IRQHandler
                0x080003dc                TIM8_UP_TIM13_IRQHandler
                0x080003dc                I2C3_ER_IRQHandler
                0x080003dc                EXTI0_IRQHandler
                0x080003dc                I2C2_EV_IRQHandler
                0x080003dc                DMA1_Stream2_IRQHandler
                0x080003dc                CAN1_RX0_IRQHandler
                0x080003dc                FPU_IRQHandler
                0x080003dc                OTG_HS_WKUP_IRQHandler
                0x080003dc                UsageFault_Handler
                0x080003dc                CAN2_SCE_IRQHandler
                0x080003dc                DMA2_Stream2_IRQHandler
                0x080003dc                SPI1_IRQHandler
                0x080003dc                TIM1_BRK_TIM9_IRQHandler
                0x080003dc                DCMI_IRQHandler
                0x080003dc                CAN2_RX0_IRQHandler
                0x080003dc                DMA2_Stream3_IRQHandler
                0x080003dc                SAI2_IRQHandler
                0x080003dc                USART6_IRQHandler
                0x080003dc                USART3_IRQHandler
                0x080003dc                CAN1_RX1_IRQHandler
                0x080003dc                UART5_IRQHandler
                0x080003dc                DMA2_Stream0_IRQHandler
                0x080003dc                TIM4_IRQHandler
                0x080003dc                QUADSPI_IRQHandler
                0x080003dc                I2C1_EV_IRQHandler
                0x080003dc                DMA1_Stream6_IRQHandler
                0x080003dc                DMA1_Stream1_IRQHandler
                0x080003dc                UART4_IRQHandler
                0x080003dc                TIM3_IRQHandler
                0x080003dc                RCC_IRQHandler
                0x080003dc                TIM8_BRK_TIM12_IRQHandler
                0x080003dc                Default_Handler
                0x080003dc                CEC_IRQHandler
                0x080003dc                EXTI15_10_IRQHandler
                0x080003dc                ADC_IRQHandler
                0x080003dc                DMA1_Stream7_IRQHandler
                0x080003dc                TIM7_IRQHandler
                0x080003dc                CAN2_TX_IRQHandler
                0x080003dc                TIM5_IRQHandler
                0x080003dc                DMA2_Stream7_IRQHandler
                0x080003dc                I2C3_EV_IRQHandler
                0x080003dc                EXTI9_5_IRQHandler
                0x080003dc                RTC_WKUP_IRQHandler
                0x080003dc                SPDIF_RX_IRQHandler
                0x080003dc                SPI2_IRQHandler
                0x080003dc                OTG_HS_EP1_IN_IRQHandler
                0x080003dc                MemManage_Handler
                0x080003dc                DMA1_Stream0_IRQHandler
                0x080003dc                CAN1_TX_IRQHandler
                0x080003dc                SVC_Handler
                0x080003dc                FMPI2C1_ER_IRQHandler
                0x080003dc                EXTI4_IRQHandler
                0x080003dc                OTG_HS_EP1_OUT_IRQHandler
                0x080003dc                WWDG_IRQHandler
                0x080003dc                TIM2_IRQHandler
                0x080003dc                OTG_FS_WKUP_IRQHandler
                0x080003dc                TIM1_TRG_COM_TIM11_IRQHandler
                0x080003dc                OTG_HS_IRQHandler
                0x080003dc                EXTI1_IRQHandler
                0x080003dc                USART2_IRQHandler
                0x080003dc                I2C2_ER_IRQHandler
                0x080003dc                DMA2_Stream1_IRQHandler
                0x080003dc                CAN1_SCE_IRQHandler
                0x080003dc                FLASH_IRQHandler
                0x080003dc                DMA2_Stream4_IRQHandler
                0x080003dc                BusFault_Handler
                0x080003dc                USART1_IRQHandler
                0x080003dc                OTG_FS_IRQHandler
                0x080003dc                SPI3_IRQHandler
                0x080003dc                DMA1_Stream4_IRQHandler
                0x080003dc                I2C1_ER_IRQHandler
                0x080003dc                FMC_IRQHandler
                0x080003dc                DMA2_Stream6_IRQHandler
                0x080003dc                SAI1_IRQHandler
                0x080003dc                DMA1_Stream3_IRQHandler
 *fill*         0x080003de        0x2 
 .text.HAL_Init
                0x080003e0       0x44 ./Drivers/STM32F4xx_HAL_Driver/Src/stm32f4xx_hal.o
                0x080003e0                HAL_Init
 .text.HAL_InitTick
                0x08000424       0x60 ./Drivers/STM32F4xx_HAL_Driver/Src/stm32f4xx_hal.o
                0x08000424                HAL_InitTick
 .text.HAL_IncTick
                0x08000484       0x28 ./Drivers/STM32F4xx_HAL_Driver/Src/stm32f4xx_hal.o
                0x08000484                HAL_IncTick
 .text.__NVIC_SetPriorityGrouping
                0x080004ac       0x48 ./Drivers/STM32F4xx_HAL_Driver/Src/stm32f4xx_hal_cortex.o
 .text.__NVIC_GetPriorityGrouping
                0x080004f4       0x1c ./Drivers/STM32F4xx_HAL_Driver/Src/stm32f4xx_hal_cortex.o
 .text.__NVIC_EnableIRQ
                0x08000510       0x3c ./Drivers/STM32F4xx_HAL_Driver/Src/stm32f4xx_hal_cortex.o
 .text.__NVIC_SetPriority
                0x0800054c       0x54 ./Drivers/STM32F4xx_HAL_Driver/Src/stm32f4xx_hal_cortex.o
 .text.NVIC_EncodePriority
                0x080005a0       0x66 ./Drivers/STM32F4xx_HAL_Driver/Src/stm32f4xx_hal_cortex.o
 *fill*         0x08000606        0x2 
 .text.SysTick_Config
                0x08000608       0x44 ./Drivers/STM32F4xx_HAL_Driver/Src/stm32f4xx_hal_cortex.o
 .text.HAL_NVIC_SetPriorityGrouping
                0x0800064c       0x16 ./Drivers/STM32F4xx_HAL_Driver/Src/stm32f4xx_hal_cortex.o
                0x0800064c                HAL_NVIC_SetPriorityGrouping
 .text.HAL_NVIC_SetPriority
                0x08000662       0x38 ./Drivers/STM32F4xx_HAL_Driver/Src/stm32f4xx_hal_cortex.o
                0x08000662                HAL_NVIC_SetPriority
 .text.HAL_NVIC_EnableIRQ
                0x0800069a       0x1c ./Drivers/STM32F4xx_HAL_Driver/Src/stm32f4xx_hal_cortex.o
                0x0800069a                HAL_NVIC_EnableIRQ
 .text.HAL_SYSTICK_Config
                0x080006b6       0x18 ./Drivers/STM32F4xx_HAL_Driver/Src/stm32f4xx_hal_cortex.o
                0x080006b6                HAL_SYSTICK_Config
 .text.HAL_SYSTICK_IRQHandler
                0x080006ce        0xc ./Drivers/STM32F4xx_HAL_Driver/Src/stm32f4xx_hal_cortex.o
                0x080006ce                HAL_SYSTICK_IRQHandler
 .text.HAL_SYSTICK_Callback
                0x080006da        0xe ./Drivers/STM32F4xx_HAL_Driver/Src/stm32f4xx_hal_cortex.o
                0x080006da                HAL_SYSTICK_Callback
 .text.HAL_GPIO_Init
                0x080006e8      0x328 ./Drivers/STM32F4xx_HAL_Driver/Src/stm32f4xx_hal_gpio.o
                0x080006e8                HAL_GPIO_Init
 .text.HAL_GPIO_TogglePin
                0x08000a10       0x34 ./Drivers/STM32F4xx_HAL_Driver/Src/stm32f4xx_hal_gpio.o
                0x08000a10                HAL_GPIO_TogglePin
 .text.HAL_TIM_Base_Init
                0x08000a44       0x9e ./Drivers/STM32F4xx_HAL_Driver/Src/stm32f4xx_hal_tim.o
                0x08000a44                HAL_TIM_Base_Init
 *fill*         0x08000ae2        0x2 
 .text.HAL_TIM_Base_Start_IT
                0x08000ae4       0xe0 ./Drivers/STM32F4xx_HAL_Driver/Src/stm32f4xx_hal_tim.o
                0x08000ae4                HAL_TIM_Base_Start_IT
 .text.HAL_TIM_IRQHandler
                0x08000bc4      0x1e0 ./Drivers/STM32F4xx_HAL_Driver/Src/stm32f4xx_hal_tim.o
                0x08000bc4                HAL_TIM_IRQHandler
 .text.HAL_TIM_OC_DelayElapsedCallback
                0x08000da4       0x14 ./Drivers/STM32F4xx_HAL_Driver/Src/stm32f4xx_hal_tim.o
                0x08000da4                HAL_TIM_OC_DelayElapsedCallback
 .text.HAL_TIM_IC_CaptureCallback
                0x08000db8       0x14 ./Drivers/STM32F4xx_HAL_Driver/Src/stm32f4xx_hal_tim.o
                0x08000db8                HAL_TIM_IC_CaptureCallback
 .text.HAL_TIM_PWM_PulseFinishedCallback
                0x08000dcc       0x14 ./Drivers/STM32F4xx_HAL_Driver/Src/stm32f4xx_hal_tim.o
                0x08000dcc                HAL_TIM_PWM_PulseFinishedCallback
 .text.HAL_TIM_TriggerCallback
                0x08000de0       0x14 ./Drivers/STM32F4xx_HAL_Driver/Src/stm32f4xx_hal_tim.o
                0x08000de0                HAL_TIM_TriggerCallback
 .text.TIM_Base_SetConfig
                0x08000df4      0x158 ./Drivers/STM32F4xx_HAL_Driver/Src/stm32f4xx_hal_tim.o
                0x08000df4                TIM_Base_SetConfig
 .text.HAL_TIMEx_CommutCallback
                0x08000f4c       0x14 ./Drivers/STM32F4xx_HAL_Driver/Src/stm32f4xx_hal_tim_ex.o
                0x08000f4c                HAL_TIMEx_CommutCallback
 .text.HAL_TIMEx_BreakCallback
                0x08000f60       0x14 ./Drivers/STM32F4xx_HAL_Driver/Src/stm32f4xx_hal_tim_ex.o
                0x08000f60                HAL_TIMEx_BreakCallback
 .text.__libc_init_array
                0x08000f74       0x48 /opt/st/stm32cubeide_1.18.0/plugins/com.st.stm32cube.ide.mcu.externaltools.gnu-tools-for-stm32.13.3.rel1.linux64_1.0.0.202410170706/tools/bin/../lib/gcc/arm-none-eabi/13.3.1/../../../../arm-none-eabi/lib/thumb/v7e-m+fp/hard/libc_nano.a(libc_a-init.o)
                0x08000f74                __libc_init_array
 *(.glue_7)
 .glue_7        0x08000fbc        0x0 linker stubs
 *(.glue_7t)
 .glue_7t       0x08000fbc        0x0 linker stubs
 *(.eh_frame)
 .eh_frame      0x08000fbc        0x0 /opt/st/stm32cubeide_1.18.0/plugins/com.st.stm32cube.ide.mcu.externaltools.gnu-tools-for-stm32.13.3.rel1.linux64_1.0.0.202410170706/tools/bin/../lib/gcc/arm-none-eabi/13.3.1/thumb/v7e-m+fp/hard/crtbegin.o
 *(.init)
 .init          0x08000fbc        0x4 /opt/st/stm32cubeide_1.18.0/plugins/com.st.stm32cube.ide.mcu.externaltools.gnu-tools-for-stm32.13.3.rel1.linux64_1.0.0.202410170706/tools/bin/../lib/gcc/arm-none-eabi/13.3.1/thumb/v7e-m+fp/hard/crti.o
                0x08000fbc                _init
 .init          0x08000fc0        0x8 /opt/st/stm32cubeide_1.18.0/plugins/com.st.stm32cube.ide.mcu.externaltools.gnu-tools-for-stm32.13.3.rel1.linux64_1.0.0.202410170706/tools/bin/../lib/gcc/arm-none-eabi/13.3.1/thumb/v7e-m+fp/hard/crtn.o
 *(.fini)
 .fini          0x08000fc8        0x4 /opt/st/stm32cubeide_1.18.0/plugins/com.st.stm32cube.ide.mcu.externaltools.gnu-tools-for-stm32.13.3.rel1.linux64_1.0.0.202410170706/tools/bin/../lib/gcc/arm-none-eabi/13.3.1/thumb/v7e-m+fp/hard/crti.o
                0x08000fc8                _fini
 .fini          0x08000fcc        0x8 /opt/st/stm32cubeide_1.18.0/plugins/com.st.stm32cube.ide.mcu.externaltools.gnu-tools-for-stm32.13.3.rel1.linux64_1.0.0.202410170706/tools/bin/../lib/gcc/arm-none-eabi/13.3.1/thumb/v7e-m+fp/hard/crtn.o
                0x08000fd4                        . = ALIGN (0x4)
                0x08000fd4                        _etext = .

.vfp11_veneer   0x08000fd4        0x0
 .vfp11_veneer  0x08000fd4        0x0 linker stubs

.v4_bx          0x08000fd4        0x0
 .v4_bx         0x08000fd4        0x0 linker stubs

.iplt           0x08000fd4        0x0
 .iplt          0x08000fd4        0x0 /opt/st/stm32cubeide_1.18.0/plugins/com.st.stm32cube.ide.mcu.externaltools.gnu-tools-for-stm32.13.3.rel1.linux64_1.0.0.202410170706/tools/bin/../lib/gcc/arm-none-eabi/13.3.1/thumb/v7e-m+fp/hard/crtbegin.o

.rodata         0x08000fd4        0x0
                0x08000fd4                        . = ALIGN (0x4)
 *(.rodata)
 *(.rodata*)
                0x08000fd4                        . = ALIGN (0x4)

.ARM.extab      0x08000fd4        0x0
                0x08000fd4                        . = ALIGN (0x4)
 *(.ARM.extab* .gnu.linkonce.armextab.*)
                0x08000fd4                        . = ALIGN (0x4)

.ARM            0x08000fd4        0x0
                0x08000fd4                        . = ALIGN (0x4)
                0x08000fd4                        __exidx_start = .
 *(.ARM.exidx*)
                0x08000fd4                        __exidx_end = .
                0x08000fd4                        . = ALIGN (0x4)

.preinit_array  0x08000fd4        0x0
                0x08000fd4                        . = ALIGN (0x4)
                0x08000fd4                        PROVIDE (__preinit_array_start = .)
 *(.preinit_array*)
                0x08000fd4                        PROVIDE (__preinit_array_end = .)
                0x08000fd4                        . = ALIGN (0x4)

.init_array     0x08000fd4        0x4
                0x08000fd4                        . = ALIGN (0x4)
                0x08000fd4                        PROVIDE (__init_array_start = .)
 *(SORT_BY_NAME(.init_array.*))
 *(.init_array*)
 .init_array    0x08000fd4        0x4 /opt/st/stm32cubeide_1.18.0/plugins/com.st.stm32cube.ide.mcu.externaltools.gnu-tools-for-stm32.13.3.rel1.linux64_1.0.0.202410170706/tools/bin/../lib/gcc/arm-none-eabi/13.3.1/thumb/v7e-m+fp/hard/crtbegin.o
                0x08000fd8                        PROVIDE (__init_array_end = .)
                0x08000fd8                        . = ALIGN (0x4)

.fini_array     0x08000fd8        0x4
                0x08000fd8                        . = ALIGN (0x4)
                [!provide]                        PROVIDE (__fini_array_start = .)
 *(SORT_BY_NAME(.fini_array.*))
 *(.fini_array*)
 .fini_array    0x08000fd8        0x4 /opt/st/stm32cubeide_1.18.0/plugins/com.st.stm32cube.ide.mcu.externaltools.gnu-tools-for-stm32.13.3.rel1.linux64_1.0.0.202410170706/tools/bin/../lib/gcc/arm-none-eabi/13.3.1/thumb/v7e-m+fp/hard/crtbegin.o
                [!provide]                        PROVIDE (__fini_array_end = .)
                0x08000fdc                        . = ALIGN (0x4)
                0x08000fdc                        _sidata = LOADADDR (.data)

.rel.dyn        0x08000fdc        0x0
 .rel.iplt      0x08000fdc        0x0 /opt/st/stm32cubeide_1.18.0/plugins/com.st.stm32cube.ide.mcu.externaltools.gnu-tools-for-stm32.13.3.rel1.linux64_1.0.0.202410170706/tools/bin/../lib/gcc/arm-none-eabi/13.3.1/thumb/v7e-m+fp/hard/crtbegin.o

.data           0x20000000        0xc load address 0x08000fdc
                0x20000000                        . = ALIGN (0x4)
                0x20000000                        _sdata = .
 *(.data)
 *(.data*)
 .data.SystemCoreClock
                0x20000000        0x4 ./Core/Src/system_stm32f4xx.o
                0x20000000                SystemCoreClock
 .data.uwTickPrio
                0x20000004        0x4 ./Drivers/STM32F4xx_HAL_Driver/Src/stm32f4xx_hal.o
                0x20000004                uwTickPrio
 .data.uwTickFreq
                0x20000008        0x1 ./Drivers/STM32F4xx_HAL_Driver/Src/stm32f4xx_hal.o
                0x20000008                uwTickFreq
 *(.RamFunc)
 *(.RamFunc*)
                0x2000000c                        . = ALIGN (0x4)
 *fill*         0x20000009        0x3 
                0x2000000c                        _edata = .

.igot.plt       0x2000000c        0x0 load address 0x08000fe8
 .igot.plt      0x2000000c        0x0 /opt/st/stm32cubeide_1.18.0/plugins/com.st.stm32cube.ide.mcu.externaltools.gnu-tools-for-stm32.13.3.rel1.linux64_1.0.0.202410170706/tools/bin/../lib/gcc/arm-none-eabi/13.3.1/thumb/v7e-m+fp/hard/crtbegin.o
                0x2000000c                        . = ALIGN (0x4)

.bss            0x2000000c       0x68 load address 0x08000fe8
                0x2000000c                        _sbss = .
                0x2000000c                        __bss_start__ = _sbss
 *(.bss)
 .bss           0x2000000c       0x1c /opt/st/stm32cubeide_1.18.0/plugins/com.st.stm32cube.ide.mcu.externaltools.gnu-tools-for-stm32.13.3.rel1.linux64_1.0.0.202410170706/tools/bin/../lib/gcc/arm-none-eabi/13.3.1/thumb/v7e-m+fp/hard/crtbegin.o
 *(.bss*)
 .bss.htimer6   0x20000028       0x48 ./Core/Src/main.o
                0x20000028                htimer6
 .bss.uwTick    0x20000070        0x4 ./Drivers/STM32F4xx_HAL_Driver/Src/stm32f4xx_hal.o
                0x20000070                uwTick
 *(COMMON)
                0x20000074                        . = ALIGN (0x4)
                0x20000074                        _ebss = .
                0x20000074                        __bss_end__ = _ebss

._user_heap_stack
                0x20000074      0x604 load address 0x08000fe8
                0x20000078                        . = ALIGN (0x8)
 *fill*         0x20000074        0x4 
                [!provide]                        PROVIDE (end = .)
                0x20000078                        PROVIDE (_end = .)
                0x20000278                        . = (. + _Min_Heap_Size)
 *fill*         0x20000078      0x200 
                0x20000678                        . = (. + _Min_Stack_Size)
 *fill*         0x20000278      0x400 
                0x20000678                        . = ALIGN (0x8)

/DISCARD/
 libc.a(*)
 libm.a(*)
 libgcc.a(*)

.ARM.attributes
                0x00000000       0x30
 *(.ARM.attributes)
 .ARM.attributes
                0x00000000       0x22 /opt/st/stm32cubeide_1.18.0/plugins/com.st.stm32cube.ide.mcu.externaltools.gnu-tools-for-stm32.13.3.rel1.linux64_1.0.0.202410170706/tools/bin/../lib/gcc/arm-none-eabi/13.3.1/thumb/v7e-m+fp/hard/crti.o
 .ARM.attributes
                0x00000022       0x34 /opt/st/stm32cubeide_1.18.0/plugins/com.st.stm32cube.ide.mcu.externaltools.gnu-tools-for-stm32.13.3.rel1.linux64_1.0.0.202410170706/tools/bin/../lib/gcc/arm-none-eabi/13.3.1/thumb/v7e-m+fp/hard/crtbegin.o
 .ARM.attributes
                0x00000056       0x34 ./Core/Src/it.o
 .ARM.attributes
                0x0000008a       0x34 ./Core/Src/main.o
 .ARM.attributes
                0x000000be       0x34 ./Core/Src/msp.o
 .ARM.attributes
                0x000000f2       0x34 ./Core/Src/system_stm32f4xx.o
 .ARM.attributes
                0x00000126       0x21 ./Core/Startup/startup_stm32f446retx.o
 .ARM.attributes
                0x00000147       0x34 ./Drivers/STM32F4xx_HAL_Driver/Src/stm32f4xx_hal.o
 .ARM.attributes
                0x0000017b       0x34 ./Drivers/STM32F4xx_HAL_Driver/Src/stm32f4xx_hal_cortex.o
 .ARM.attributes
                0x000001af       0x34 ./Drivers/STM32F4xx_HAL_Driver/Src/stm32f4xx_hal_gpio.o
 .ARM.attributes
                0x000001e3       0x34 ./Drivers/STM32F4xx_HAL_Driver/Src/stm32f4xx_hal_tim.o
 .ARM.attributes
                0x00000217       0x34 ./Drivers/STM32F4xx_HAL_Driver/Src/stm32f4xx_hal_tim_ex.o
 .ARM.attributes
                0x0000024b       0x34 /opt/st/stm32cubeide_1.18.0/plugins/com.st.stm32cube.ide.mcu.externaltools.gnu-tools-for-stm32.13.3.rel1.linux64_1.0.0.202410170706/tools/bin/../lib/gcc/arm-none-eabi/13.3.1/../../../../arm-none-eabi/lib/thumb/v7e-m+fp/hard/libc_nano.a(libc_a-init.o)
 .ARM.attributes
                0x0000027f       0x22 /opt/st/stm32cubeide_1.18.0/plugins/com.st.stm32cube.ide.mcu.externaltools.gnu-tools-for-stm32.13.3.rel1.linux64_1.0.0.202410170706/tools/bin/../lib/gcc/arm-none-eabi/13.3.1/thumb/v7e-m+fp/hard/crtn.o
OUTPUT(009_timer_base_100msIT.elf elf32-littlearm)
LOAD linker stubs
LOAD /opt/st/stm32cubeide_1.18.0/plugins/com.st.stm32cube.ide.mcu.externaltools.gnu-tools-for-stm32.13.3.rel1.linux64_1.0.0.202410170706/tools/bin/../lib/gcc/arm-none-eabi/13.3.1/../../../../arm-none-eabi/lib/thumb/v7e-m+fp/hard/libc.a
LOAD /opt/st/stm32cubeide_1.18.0/plugins/com.st.stm32cube.ide.mcu.externaltools.gnu-tools-for-stm32.13.3.rel1.linux64_1.0.0.202410170706/tools/bin/../lib/gcc/arm-none-eabi/13.3.1/../../../../arm-none-eabi/lib/thumb/v7e-m+fp/hard/libm.a
LOAD /opt/st/stm32cubeide_1.18.0/plugins/com.st.stm32cube.ide.mcu.externaltools.gnu-tools-for-stm32.13.3.rel1.linux64_1.0.0.202410170706/tools/bin/../lib/gcc/arm-none-eabi/13.3.1/thumb/v7e-m+fp/hard/libgcc.a

.debug_info     0x00000000     0x821d
 .debug_info    0x00000000      0x671 ./Core/Src/it.o
 .debug_info    0x00000671      0xc88 ./Core/Src/main.o
 .debug_info    0x000012f9      0xce3 ./Core/Src/msp.o
 .debug_info    0x00001fdc      0x54a ./Core/Src/system_stm32f4xx.o
 .debug_info    0x00002526       0x30 ./Core/Startup/startup_stm32f446retx.o
 .debug_info    0x00002556      0x99a ./Drivers/STM32F4xx_HAL_Driver/Src/stm32f4xx_hal.o
 .debug_info    0x00002ef0      0xdaa ./Drivers/STM32F4xx_HAL_Driver/Src/stm32f4xx_hal_cortex.o
 .debug_info    0x00003c9a      0x70b ./Drivers/STM32F4xx_HAL_Driver/Src/stm32f4xx_hal_gpio.o
 .debug_info    0x000043a5     0x299d ./Drivers/STM32F4xx_HAL_Driver/Src/stm32f4xx_hal_tim.o
 .debug_info    0x00006d42     0x14db ./Drivers/STM32F4xx_HAL_Driver/Src/stm32f4xx_hal_tim_ex.o

.debug_abbrev   0x00000000     0x12b4
 .debug_abbrev  0x00000000      0x18a ./Core/Src/it.o
 .debug_abbrev  0x0000018a      0x248 ./Core/Src/main.o
 .debug_abbrev  0x000003d2      0x1a4 ./Core/Src/msp.o
 .debug_abbrev  0x00000576      0x11a ./Core/Src/system_stm32f4xx.o
 .debug_abbrev  0x00000690       0x24 ./Core/Startup/startup_stm32f446retx.o
 .debug_abbrev  0x000006b4      0x214 ./Drivers/STM32F4xx_HAL_Driver/Src/stm32f4xx_hal.o
 .debug_abbrev  0x000008c8      0x31d ./Drivers/STM32F4xx_HAL_Driver/Src/stm32f4xx_hal_cortex.o
 .debug_abbrev  0x00000be5      0x1d4 ./Drivers/STM32F4xx_HAL_Driver/Src/stm32f4xx_hal_gpio.o
 .debug_abbrev  0x00000db9      0x278 ./Drivers/STM32F4xx_HAL_Driver/Src/stm32f4xx_hal_tim.o
 .debug_abbrev  0x00001031      0x283 ./Drivers/STM32F4xx_HAL_Driver/Src/stm32f4xx_hal_tim_ex.o

.debug_aranges  0x00000000      0x898
 .debug_aranges
                0x00000000       0x28 ./Core/Src/it.o
 .debug_aranges
                0x00000028       0x48 ./Core/Src/main.o
 .debug_aranges
                0x00000070       0x28 ./Core/Src/msp.o
 .debug_aranges
                0x00000098       0x28 ./Core/Src/system_stm32f4xx.o
 .debug_aranges
                0x000000c0       0x28 ./Core/Startup/startup_stm32f446retx.o
 .debug_aranges
                0x000000e8       0xf0 ./Drivers/STM32F4xx_HAL_Driver/Src/stm32f4xx_hal.o
 .debug_aranges
                0x000001d8      0x130 ./Drivers/STM32F4xx_HAL_Driver/Src/stm32f4xx_hal_cortex.o
 .debug_aranges
                0x00000308       0x58 ./Drivers/STM32F4xx_HAL_Driver/Src/stm32f4xx_hal_gpio.o
 .debug_aranges
                0x00000360      0x3d0 ./Drivers/STM32F4xx_HAL_Driver/Src/stm32f4xx_hal_tim.o
 .debug_aranges
                0x00000730      0x168 ./Drivers/STM32F4xx_HAL_Driver/Src/stm32f4xx_hal_tim_ex.o

.debug_rnglists
                0x00000000      0x6a4
 .debug_rnglists
                0x00000000       0x19 ./Core/Src/it.o
 .debug_rnglists
                0x00000019       0x32 ./Core/Src/main.o
 .debug_rnglists
                0x0000004b       0x19 ./Core/Src/msp.o
 .debug_rnglists
                0x00000064       0x1a ./Core/Src/system_stm32f4xx.o
 .debug_rnglists
                0x0000007e       0x19 ./Core/Startup/startup_stm32f446retx.o
 .debug_rnglists
                0x00000097       0xaf ./Drivers/STM32F4xx_HAL_Driver/Src/stm32f4xx_hal.o
 .debug_rnglists
                0x00000146       0xe0 ./Drivers/STM32F4xx_HAL_Driver/Src/stm32f4xx_hal_cortex.o
 .debug_rnglists
                0x00000226       0x3f ./Drivers/STM32F4xx_HAL_Driver/Src/stm32f4xx_hal_gpio.o
 .debug_rnglists
                0x00000265      0x31a ./Drivers/STM32F4xx_HAL_Driver/Src/stm32f4xx_hal_tim.o
 .debug_rnglists
                0x0000057f      0x125 ./Drivers/STM32F4xx_HAL_Driver/Src/stm32f4xx_hal_tim_ex.o

.debug_macro    0x00000000    0x21541
 .debug_macro   0x00000000      0x2d5 ./Core/Src/it.o
 .debug_macro   0x000002d5      0xad8 ./Core/Src/it.o
 .debug_macro   0x00000dad       0x22 ./Core/Src/it.o
 .debug_macro   0x00000dcf       0x5b ./Core/Src/it.o
 .debug_macro   0x00000e2a       0x2a ./Core/Src/it.o
 .debug_macro   0x00000e54       0x94 ./Core/Src/it.o
 .debug_macro   0x00000ee8       0x43 ./Core/Src/it.o
 .debug_macro   0x00000f2b       0x34 ./Core/Src/it.o
 .debug_macro   0x00000f5f       0x16 ./Core/Src/it.o
 .debug_macro   0x00000f75       0x57 ./Core/Src/it.o
 .debug_macro   0x00000fcc       0x9e ./Core/Src/it.o
 .debug_macro   0x0000106a      0x370 ./Core/Src/it.o
 .debug_macro   0x000013da      0x112 ./Core/Src/it.o
 .debug_macro   0x000014ec       0x10 ./Core/Src/it.o
 .debug_macro   0x000014fc       0x16 ./Core/Src/it.o
 .debug_macro   0x00001512       0x4a ./Core/Src/it.o
 .debug_macro   0x0000155c       0x34 ./Core/Src/it.o
 .debug_macro   0x00001590       0x10 ./Core/Src/it.o
 .debug_macro   0x000015a0       0x58 ./Core/Src/it.o
 .debug_macro   0x000015f8       0x8e ./Core/Src/it.o
 .debug_macro   0x00001686       0x1c ./Core/Src/it.o
 .debug_macro   0x000016a2      0x185 ./Core/Src/it.o
 .debug_macro   0x00001827       0x16 ./Core/Src/it.o
 .debug_macro   0x0000183d       0x16 ./Core/Src/it.o
 .debug_macro   0x00001853      0x146 ./Core/Src/it.o
 .debug_macro   0x00001999      0x103 ./Core/Src/it.o
 .debug_macro   0x00001a9c       0x6a ./Core/Src/it.o
 .debug_macro   0x00001b06      0x1df ./Core/Src/it.o
 .debug_macro   0x00001ce5       0x16 ./Core/Src/it.o
 .debug_macro   0x00001cfb       0x3c ./Core/Src/it.o
 .debug_macro   0x00001d37       0x20 ./Core/Src/it.o
 .debug_macro   0x00001d57      0x295 ./Core/Src/it.o
 .debug_macro   0x00001fec       0x2e ./Core/Src/it.o
 .debug_macro   0x0000201a       0x28 ./Core/Src/it.o
 .debug_macro   0x00002042       0x1c ./Core/Src/it.o
 .debug_macro   0x0000205e       0x22 ./Core/Src/it.o
 .debug_macro   0x00002080       0xfb ./Core/Src/it.o
 .debug_macro   0x0000217b     0x1011 ./Core/Src/it.o
 .debug_macro   0x0000318c      0x11f ./Core/Src/it.o
 .debug_macro   0x000032ab    0x16749 ./Core/Src/it.o
 .debug_macro   0x000199f4       0x6d ./Core/Src/it.o
 .debug_macro   0x00019a61     0x369a ./Core/Src/it.o
 .debug_macro   0x0001d0fb       0x56 ./Core/Src/it.o
 .debug_macro   0x0001d151      0xca5 ./Core/Src/it.o
 .debug_macro   0x0001ddf6      0x9e9 ./Core/Src/it.o
 .debug_macro   0x0001e7df      0x115 ./Core/Src/it.o
 .debug_macro   0x0001e8f4      0x1a0 ./Core/Src/it.o
 .debug_macro   0x0001ea94       0xa5 ./Core/Src/it.o
 .debug_macro   0x0001eb39      0x16d ./Core/Src/it.o
 .debug_macro   0x0001eca6      0x287 ./Core/Src/it.o
 .debug_macro   0x0001ef2d       0x5f ./Core/Src/it.o
 .debug_macro   0x0001ef8c      0x236 ./Core/Src/it.o
 .debug_macro   0x0001f1c2      0x132 ./Core/Src/it.o
 .debug_macro   0x0001f2f4      0x29c ./Core/Src/it.o
 .debug_macro   0x0001f590       0x2e ./Core/Src/it.o
 .debug_macro   0x0001f5be      0x127 ./Core/Src/it.o
 .debug_macro   0x0001f6e5       0xe8 ./Core/Src/it.o
 .debug_macro   0x0001f7cd       0x89 ./Core/Src/it.o
 .debug_macro   0x0001f856      0x8ed ./Core/Src/it.o
 .debug_macro   0x00020143       0x53 ./Core/Src/it.o
 .debug_macro   0x00020196      0x126 ./Core/Src/it.o
 .debug_macro   0x000202bc       0x22 ./Core/Src/it.o
 .debug_macro   0x000202de      0x2d5 ./Core/Src/main.o
 .debug_macro   0x000205b3      0x1c4 ./Core/Src/msp.o
 .debug_macro   0x00020777       0x8e ./Core/Src/msp.o
 .debug_macro   0x00020805       0x51 ./Core/Src/msp.o
 .debug_macro   0x00020856      0x190 ./Core/Src/msp.o
 .debug_macro   0x000209e6       0x5c ./Core/Src/msp.o
 .debug_macro   0x00020a42      0x1c4 ./Core/Src/system_stm32f4xx.o
 .debug_macro   0x00020c06      0x224 ./Drivers/STM32F4xx_HAL_Driver/Src/stm32f4xx_hal.o
 .debug_macro   0x00020e2a      0x1c4 ./Drivers/STM32F4xx_HAL_Driver/Src/stm32f4xx_hal_cortex.o
 .debug_macro   0x00020fee      0x1ca ./Drivers/STM32F4xx_HAL_Driver/Src/stm32f4xx_hal_gpio.o
 .debug_macro   0x000211b8      0x1c5 ./Drivers/STM32F4xx_HAL_Driver/Src/stm32f4xx_hal_tim.o
 .debug_macro   0x0002137d      0x1c4 ./Drivers/STM32F4xx_HAL_Driver/Src/stm32f4xx_hal_tim_ex.o

.debug_line     0x00000000     0x8df6
 .debug_line    0x00000000      0x7d5 ./Core/Src/it.o
 .debug_line    0x000007d5      0x8f2 ./Core/Src/main.o
 .debug_line    0x000010c7      0x665 ./Core/Src/msp.o
 .debug_line    0x0000172c      0x6df ./Core/Src/system_stm32f4xx.o
 .debug_line    0x00001e0b       0x7a ./Core/Startup/startup_stm32f446retx.o
 .debug_line    0x00001e85      0x94c ./Drivers/STM32F4xx_HAL_Driver/Src/stm32f4xx_hal.o
 .debug_line    0x000027d1      0xc20 ./Drivers/STM32F4xx_HAL_Driver/Src/stm32f4xx_hal_cortex.o
 .debug_line    0x000033f1      0xa90 ./Drivers/STM32F4xx_HAL_Driver/Src/stm32f4xx_hal_gpio.o
 .debug_line    0x00003e81     0x36c9 ./Drivers/STM32F4xx_HAL_Driver/Src/stm32f4xx_hal_tim.o
 .debug_line    0x0000754a     0x18ac ./Drivers/STM32F4xx_HAL_Driver/Src/stm32f4xx_hal_tim_ex.o

.debug_str      0x00000000    0xcda86
 .debug_str     0x00000000    0xcda86 ./Core/Src/it.o
                              0xcb4c3 (size before relaxing)
 .debug_str     0x000cda86    0xcb880 ./Core/Src/main.o
 .debug_str     0x000cda86    0xc8319 ./Core/Src/msp.o
 .debug_str     0x000cda86    0xc78c0 ./Core/Src/system_stm32f4xx.o
 .debug_str     0x000cda86       0x91 ./Core/Startup/startup_stm32f446retx.o
 .debug_str     0x000cda86    0xc8485 ./Drivers/STM32F4xx_HAL_Driver/Src/stm32f4xx_hal.o
 .debug_str     0x000cda86    0xc81dc ./Drivers/STM32F4xx_HAL_Driver/Src/stm32f4xx_hal_cortex.o
 .debug_str     0x000cda86    0xc7a3b ./Drivers/STM32F4xx_HAL_Driver/Src/stm32f4xx_hal_gpio.o
 .debug_str     0x000cda86    0xc8c25 ./Drivers/STM32F4xx_HAL_Driver/Src/stm32f4xx_hal_tim.o
 .debug_str     0x000cda86    0xc8431 ./Drivers/STM32F4xx_HAL_Driver/Src/stm32f4xx_hal_tim_ex.o

.comment        0x00000000       0x43
 .comment       0x00000000       0x43 ./Core/Src/it.o
                                 0x44 (size before relaxing)
 .comment       0x00000043       0x44 ./Core/Src/main.o
 .comment       0x00000043       0x44 ./Core/Src/msp.o
 .comment       0x00000043       0x44 ./Core/Src/system_stm32f4xx.o
 .comment       0x00000043       0x44 ./Drivers/STM32F4xx_HAL_Driver/Src/stm32f4xx_hal.o
 .comment       0x00000043       0x44 ./Drivers/STM32F4xx_HAL_Driver/Src/stm32f4xx_hal_cortex.o
 .comment       0x00000043       0x44 ./Drivers/STM32F4xx_HAL_Driver/Src/stm32f4xx_hal_gpio.o
 .comment       0x00000043       0x44 ./Drivers/STM32F4xx_HAL_Driver/Src/stm32f4xx_hal_tim.o
 .comment       0x00000043       0x44 ./Drivers/STM32F4xx_HAL_Driver/Src/stm32f4xx_hal_tim_ex.o

.debug_frame    0x00000000     0x23a8
 .debug_frame   0x00000000       0x48 ./Core/Src/it.o
 .debug_frame   0x00000048       0xcc ./Core/Src/main.o
 .debug_frame   0x00000114       0x50 ./Core/Src/msp.o
 .debug_frame   0x00000164       0x58 ./Core/Src/system_stm32f4xx.o
 .debug_frame   0x000001bc      0x374 ./Drivers/STM32F4xx_HAL_Driver/Src/stm32f4xx_hal.o
 .debug_frame   0x00000530      0x508 ./Drivers/STM32F4xx_HAL_Driver/Src/stm32f4xx_hal_cortex.o
 .debug_frame   0x00000a38      0x14c ./Drivers/STM32F4xx_HAL_Driver/Src/stm32f4xx_hal_gpio.o
 .debug_frame   0x00000b84     0x11c0 ./Drivers/STM32F4xx_HAL_Driver/Src/stm32f4xx_hal_tim.o
 .debug_frame   0x00001d44      0x638 ./Drivers/STM32F4xx_HAL_Driver/Src/stm32f4xx_hal_tim_ex.o
 .debug_frame   0x0000237c       0x2c /opt/st/stm32cubeide_1.18.0/plugins/com.st.stm32cube.ide.mcu.externaltools.gnu-tools-for-stm32.13.3.rel1.linux64_1.0.0.202410170706/tools/bin/../lib/gcc/arm-none-eabi/13.3.1/../../../../arm-none-eabi/lib/thumb/v7e-m+fp/hard/libc_nano.a(libc_a-init.o)

.debug_line_str
                0x00000000       0x75
 .debug_line_str
                0x00000000       0x75 ./Core/Startup/startup_stm32f446retx.o
